.CODE
PUSH simple_heap_init
CALL
PUSH lbl_main@Main
CALL
HALT


simple_heap_init: RET 0

simple_malloc: LOADFP
LOADSP
STOREFP
LOADHL
DUP
PUSH 1
ADD
STORE 4
LOAD 3
ADD
STOREHL
STOREFP
RET 1


.DATA
VT@Integer: DW lbl_intValue@Integer
.CODE
lbl_intValue@Integer: 
LOADFP; apilar valor de FP
LOADSP; apilar valor de SP
STOREFP; almacenar FP en el tope de la pila
LOAD 3
LOADREF 1
STORE 4; guardar valor de retorno
STOREFP; restaurar FP
RET 1
lbl_end_intValue@Integer: NOP
STOREFP; restaurar FP
RET 1

lbl_builder@Integer: 
LOADFP; apilar valor de FP
LOADSP; apilar valor de SP
STOREFP; almacenar FP en el tope de la pila
LOAD 4
LOAD 3
SWAP
STOREREF 1
STOREFP; restaurar FP
RET 2



.DATA
VT@String: NOP
.CODE
lbl_builder@String: 
LOADFP; apilar valor de FP
LOADSP; apilar valor de SP
STOREFP; almacenar FP en el tope de la pila
STOREFP; restaurar FP
RET 1



.DATA
VT@Character: DW lbl_charValue@Character
.CODE
lbl_charValue@Character: 
LOADFP; apilar valor de FP
LOADSP; apilar valor de SP
STOREFP; almacenar FP en el tope de la pila
LOAD 3
LOADREF 1
STORE 4; guardar valor de retorno
STOREFP; restaurar FP
RET 1
lbl_end_charValue@Character: NOP
STOREFP; restaurar FP
RET 1

lbl_builder@Character: 
LOADFP; apilar valor de FP
LOADSP; apilar valor de SP
STOREFP; almacenar FP en el tope de la pila
LOAD 4
LOAD 3
SWAP
STOREREF 1
STOREFP; restaurar FP
RET 2



.DATA
VT@Arbol: DW lbl_insertar@Arbol
DW lbl_insertarRec@Arbol
DW lbl_imprimir@Arbol
DW lbl_imprimirRec@Arbol
.CODE
lbl_insertar@Arbol: 
LOADFP; apilar valor de FP
LOADSP; apilar valor de SP
STOREFP; almacenar FP en el tope de la pila
LOAD 3
LOADREF 1
PUSH0; valor null
EQ
BF lbl_else@97
RMEM 1
PUSH 4
PUSH simple_malloc
CALL
DUP
PUSH VT@Nodo
STOREREF 0
LOAD 4
SWAP
DUP
PUSH lbl_builder@Nodo
CALL
LOAD 3
SWAP
STOREREF 1
JUMP lbl_fin_if@97
lbl_else@97: NOP
LOAD 3
LOAD 3
LOADREF 1
SWAP
LOAD 4
SWAP
DUP
LOADREF 0; cargar la VT
LOADREF 1; cargar metodo (insertarRec)
CALL
lbl_fin_if@97: NOP
lbl_end_insertar@Arbol: NOP
STOREFP; restaurar FP
RET 2

lbl_insertarRec@Arbol: 
LOADFP; apilar valor de FP
LOADSP; apilar valor de SP
STOREFP; almacenar FP en el tope de la pila
LOAD 4
LOAD 5
LOADREF 1; acceso a atributo (valor)
LT
BF lbl_else@105
LOAD 5
LOADREF 2; acceso a atributo (izq)
PUSH0; valor null
EQ
BF lbl_else@106
RMEM 1
PUSH 4
PUSH simple_malloc
CALL
DUP
PUSH VT@Nodo
STOREREF 0
LOAD 4
SWAP
DUP
PUSH lbl_builder@Nodo
CALL
STORE 5
LOADREF 2; acceso a atributo (izq)
JUMP lbl_fin_if@106
lbl_else@106: NOP
LOAD 3
LOAD 5
LOADREF 2; acceso a atributo (izq)
SWAP
LOAD 4
SWAP
DUP
LOADREF 0; cargar la VT
LOADREF 1; cargar metodo (insertarRec)
CALL
lbl_fin_if@106: NOP
JUMP lbl_fin_if@105
lbl_else@105: NOP
LOAD 5
LOADREF 3; acceso a atributo (der)
PUSH0; valor null
EQ
BF lbl_else@112
RMEM 1
PUSH 4
PUSH simple_malloc
CALL
DUP
PUSH VT@Nodo
STOREREF 0
LOAD 4
SWAP
DUP
PUSH lbl_builder@Nodo
CALL
STORE 5
LOADREF 3; acceso a atributo (der)
JUMP lbl_fin_if@112
lbl_else@112: NOP
LOAD 3
LOAD 5
LOADREF 3; acceso a atributo (der)
SWAP
LOAD 4
SWAP
DUP
LOADREF 0; cargar la VT
LOADREF 1; cargar metodo (insertarRec)
CALL
lbl_fin_if@112: NOP
lbl_fin_if@105: NOP
lbl_end_insertarRec@Arbol: NOP
STOREFP; restaurar FP
RET 3

lbl_imprimir@Arbol: 
LOADFP; apilar valor de FP
LOADSP; apilar valor de SP
STOREFP; almacenar FP en el tope de la pila
LOAD 3
LOAD 3
LOADREF 1
SWAP
DUP
LOADREF 0; cargar la VT
LOADREF 3; cargar metodo (imprimirRec)
CALL
lbl_end_imprimir@Arbol: NOP
STOREFP; restaurar FP
RET 1

lbl_imprimirRec@Arbol: 
LOADFP; apilar valor de FP
LOADSP; apilar valor de SP
STOREFP; almacenar FP en el tope de la pila
LOAD 4
PUSH0; valor null
NE
BF lbl_fin_if@125
LOAD 3
LOAD 4
LOADREF 2; acceso a atributo (izq)
SWAP
DUP
LOADREF 0; cargar la VT
LOADREF 3; cargar metodo (imprimirRec)
CALL
LOAD 4
LOADREF 1; acceso a atributo (valor)
PUSH lbl_printIln@System
CALL
LOAD 3
LOAD 4
LOADREF 3; acceso a atributo (der)
SWAP
DUP
LOADREF 0; cargar la VT
LOADREF 3; cargar metodo (imprimirRec)
CALL
lbl_fin_if@125: NOP
lbl_end_imprimirRec@Arbol: NOP
STOREFP; restaurar FP
RET 2

lbl_builder@Arbol: 
LOADFP; apilar valor de FP
LOADSP; apilar valor de SP
STOREFP; almacenar FP en el tope de la pila
PUSH0; valor null
LOAD 3
SWAP
STOREREF 1
STOREFP; restaurar FP
RET 1



.DATA
VT@System: NOP
.CODE
lbl_read@System: 
LOADFP; apilar valor de FP
LOADSP; apilar valor de SP
STOREFP; almacenar FP en el tope de la pila
READ
PUSH 48
SUB
STORE 3
lbl_end_read@System: NOP
STOREFP; restaurar FP
RET 0

lbl_printB@System: 
LOADFP; apilar valor de FP
LOADSP; apilar valor de SP
STOREFP; almacenar FP en el tope de la pila
LOAD 3
BPRINT
lbl_end_printB@System: NOP
STOREFP; restaurar FP
RET 1

lbl_printC@System: 
LOADFP; apilar valor de FP
LOADSP; apilar valor de SP
STOREFP; almacenar FP en el tope de la pila
LOAD 3
CPRINT
lbl_end_printC@System: NOP
STOREFP; restaurar FP
RET 1

lbl_printI@System: 
LOADFP; apilar valor de FP
LOADSP; apilar valor de SP
STOREFP; almacenar FP en el tope de la pila
LOAD 3
IPRINT
lbl_end_printI@System: NOP
STOREFP; restaurar FP
RET 1

lbl_printS@System: 
LOADFP; apilar valor de FP
LOADSP; apilar valor de SP
STOREFP; almacenar FP en el tope de la pila
LOAD 3
SPRINT
lbl_end_printS@System: NOP
STOREFP; restaurar FP
RET 1

lbl_println@System: 
LOADFP; apilar valor de FP
LOADSP; apilar valor de SP
STOREFP; almacenar FP en el tope de la pila
PRNLN
lbl_end_println@System: NOP
STOREFP; restaurar FP
RET 0

lbl_printBln@System: 
LOADFP; apilar valor de FP
LOADSP; apilar valor de SP
STOREFP; almacenar FP en el tope de la pila
LOAD 3
BPRINT
PRNLN
lbl_end_printBln@System: NOP
STOREFP; restaurar FP
RET 1

lbl_printCln@System: 
LOADFP; apilar valor de FP
LOADSP; apilar valor de SP
STOREFP; almacenar FP en el tope de la pila
LOAD 3
CPRINT
PRNLN
lbl_end_printCln@System: NOP
STOREFP; restaurar FP
RET 1

lbl_printIln@System: 
LOADFP; apilar valor de FP
LOADSP; apilar valor de SP
STOREFP; almacenar FP en el tope de la pila
LOAD 3
IPRINT
PRNLN
lbl_end_printIln@System: NOP
STOREFP; restaurar FP
RET 1

lbl_printSln@System: 
LOADFP; apilar valor de FP
LOADSP; apilar valor de SP
STOREFP; almacenar FP en el tope de la pila
LOAD 3
SPRINT
PRNLN
lbl_end_printSln@System: NOP
STOREFP; restaurar FP
RET 1

lbl_builder@System: 
LOADFP; apilar valor de FP
LOADSP; apilar valor de SP
STOREFP; almacenar FP en el tope de la pila
STOREFP; restaurar FP
RET 1



.DATA
VT@Main: NOP
.CODE
lbl_main@Main: 
LOADFP; apilar valor de FP
LOADSP; apilar valor de SP
STOREFP; almacenar FP en el tope de la pila
RMEM 1; reservar espacio para variables locales (1)
RMEM 1
PUSH 2
PUSH simple_malloc
CALL
DUP
PUSH VT@Arbol
STOREREF 0
DUP
PUSH lbl_builder@Arbol
CALL
STORE 0
LOAD 0
PUSH 50
SWAP
DUP; duplicar this
LOADREF 0; cargar la VT
LOADREF 0; cargar metodo (insertar)
CALL
LOAD 0
PUSH 30
SWAP
DUP; duplicar this
LOADREF 0; cargar la VT
LOADREF 0; cargar metodo (insertar)
CALL
LOAD 0
PUSH 20
SWAP
DUP; duplicar this
LOADREF 0; cargar la VT
LOADREF 0; cargar metodo (insertar)
CALL
LOAD 0
PUSH 40
SWAP
DUP; duplicar this
LOADREF 0; cargar la VT
LOADREF 0; cargar metodo (insertar)
CALL
LOAD 0
PUSH 70
SWAP
DUP; duplicar this
LOADREF 0; cargar la VT
LOADREF 0; cargar metodo (insertar)
CALL
LOAD 0
PUSH 60
SWAP
DUP; duplicar this
LOADREF 0; cargar la VT
LOADREF 0; cargar metodo (insertar)
CALL
LOAD 0
PUSH 80
SWAP
DUP; duplicar this
LOADREF 0; cargar la VT
LOADREF 0; cargar metodo (insertar)
CALL
LOAD 0
DUP; duplicar this
LOADREF 0; cargar la VT
LOADREF 2; cargar metodo (imprimir)
CALL
lbl_end_main@Main: NOP
FMEM 1; liberar espacio de variables locales (1)
STOREFP; restaurar FP
RET 0

lbl_builder@Main: 
LOADFP; apilar valor de FP
LOADSP; apilar valor de SP
STOREFP; almacenar FP en el tope de la pila
STOREFP; restaurar FP
RET 1



.DATA
VT@Object: NOP
.CODE
lbl_debugPrint@Object: 
LOADFP; apilar valor de FP
LOADSP; apilar valor de SP
STOREFP; almacenar FP en el tope de la pila
LOAD 3
IPRINT
lbl_end_debugPrint@Object: NOP
STOREFP; restaurar FP
RET 1

lbl_builder@Object: 
LOADFP; apilar valor de FP
LOADSP; apilar valor de SP
STOREFP; almacenar FP en el tope de la pila
STOREFP; restaurar FP
RET 1



.DATA
VT@Nodo: NOP
.CODE
lbl_builder@Nodo: 
LOADFP; apilar valor de FP
LOADSP; apilar valor de SP
STOREFP; almacenar FP en el tope de la pila
LOAD 4
LOAD 3
SWAP
STOREREF 1
PUSH0; valor null
LOAD 3
SWAP
STOREREF 2
PUSH0; valor null
LOAD 3
SWAP
STOREREF 3
STOREFP; restaurar FP
RET 2



.DATA
VT@Boolean: DW lbl_booleanValue@Boolean
.CODE
lbl_booleanValue@Boolean: 
LOADFP; apilar valor de FP
LOADSP; apilar valor de SP
STOREFP; almacenar FP en el tope de la pila
LOAD 3
LOADREF 1
STORE 4; guardar valor de retorno
STOREFP; restaurar FP
RET 1
lbl_end_booleanValue@Boolean: NOP
STOREFP; restaurar FP
RET 1

lbl_builder@Boolean: 
LOADFP; apilar valor de FP
LOADSP; apilar valor de SP
STOREFP; almacenar FP en el tope de la pila
LOAD 4
LOAD 3
SWAP
STOREREF 1
STOREFP; restaurar FP
RET 2



