.CODE
PUSH simple_heap_init
CALL
PUSH lbl_main@Main
CALL
HALT


simple_heap_init: RET 0

simple_malloc: LOADFP
LOADSP
STOREFP
LOADHL
DUP
PUSH 1
ADD
STORE 4
LOAD 3
ADD
STOREHL
STOREFP
RET 1


.DATA
VT@Main: NOP
.CODE
lbl_main@Main: 
LOADFP; apilar valor de FP
LOADSP; apilar valor de SP
STOREFP; almacenar FP en el tope de la pila
RMEM 5; reservar espacio para variables locales (5)
RMEM 1
PUSH 6
PUSH simple_malloc
CALL
DUP
PUSH VT@NodoGrafo
STOREREF 0
DUP
PUSH 1
SWAP
PUSH lbl_builder@NodoGrafo
CALL
STORE 0; almacenar variable local (n1)
RMEM 1
PUSH 6
PUSH simple_malloc
CALL
DUP
PUSH VT@NodoGrafo
STOREREF 0
DUP
PUSH 2
SWAP
PUSH lbl_builder@NodoGrafo
CALL
STORE -1; almacenar variable local (n2)
RMEM 1
PUSH 6
PUSH simple_malloc
CALL
DUP
PUSH VT@NodoGrafo
STOREREF 0
DUP
PUSH 3
SWAP
PUSH lbl_builder@NodoGrafo
CALL
STORE -2; almacenar variable local (n3)
RMEM 1
PUSH 6
PUSH simple_malloc
CALL
DUP
PUSH VT@NodoGrafo
STOREREF 0
DUP
PUSH 4
SWAP
PUSH lbl_builder@NodoGrafo
CALL
STORE -3; almacenar variable local (n4)
LOAD 0; cargar variable local (n1)
LOAD -1; cargar variable local (n2)
SWAP
LOAD -2; cargar variable local (n3)
SWAP
DUP; duplicar this
LOADREF 0; cargar la VT
LOADREF 0; cargar metodo (conectar)
CALL
LOAD -1; cargar variable local (n2)
LOAD -3; cargar variable local (n4)
SWAP
PUSH 0; valor null
SWAP
DUP; duplicar this
LOADREF 0; cargar la VT
LOADREF 0; cargar metodo (conectar)
CALL
LOAD -2; cargar variable local (n3)
LOAD -3; cargar variable local (n4)
SWAP
PUSH 0; valor null
SWAP
DUP; duplicar this
LOADREF 0; cargar la VT
LOADREF 0; cargar metodo (conectar)
CALL
LOAD -3; cargar variable local (n4)
LOAD 0; cargar variable local (n1)
SWAP
PUSH 0; valor null
SWAP
DUP; duplicar this
LOADREF 0; cargar la VT
LOADREF 0; cargar metodo (conectar)
CALL
RMEM 1
PUSH 2
PUSH simple_malloc
CALL
DUP
PUSH VT@Grafo
STOREREF 0
DUP
PUSH lbl_builder@Grafo
CALL
STORE -4; almacenar variable local (g)
LOAD -4; cargar variable local (g)
LOAD 0; cargar variable local (n1)
SWAP
DUP; duplicar this
LOADREF 0; cargar la VT
LOADREF 0; cargar metodo (dfs)
CALL
.DATA
lblString@221: DW "Fin del recorrido",0
.CODE
PUSH lblString@221
PUSH lbl_printSln@System
CALL
FMEM 5; liberar espacio de variables locales (5)
lbl_end_main@Main: NOP
STOREFP; restaurar FP
RET 0

lbl_builder@Main: 
LOADFP; apilar valor de FP
LOADSP; apilar valor de SP
STOREFP; almacenar FP en el tope de la pila
.DATA
className@Main: DW "Main",0
.CODE
PUSH className@Main
LOAD 3
SWAP
STOREREF 1
STOREFP; restaurar FP
RET 1



.DATA
VT@Character: DW lbl_charValue@Character
.CODE
lbl_charValue@Character: 
LOADFP; apilar valor de FP
LOADSP; apilar valor de SP
STOREFP; almacenar FP en el tope de la pila
LOAD 3
LOADREF 2; acceso a atributo (value)
STORE 4; guardar valor de retorno
STOREFP; restaurar FP
RET 1
lbl_end_charValue@Character: NOP
STOREFP; restaurar FP
RET 1

lbl_builder@Character: 
LOADFP; apilar valor de FP
LOADSP; apilar valor de SP
STOREFP; almacenar FP en el tope de la pila
.DATA
className@Character: DW "Character",0
.CODE
PUSH className@Character
LOAD 3
SWAP
STOREREF 1
LOAD 4; cargar parametro (v)
LOAD 3
SWAP
STOREREF 2; asignacion a atributo (value)
STOREFP; restaurar FP
RET 2



.DATA
VT@Integer: DW lbl_intValue@Integer
.CODE
lbl_intValue@Integer: 
LOADFP; apilar valor de FP
LOADSP; apilar valor de SP
STOREFP; almacenar FP en el tope de la pila
LOAD 3
LOADREF 2; acceso a atributo (value)
STORE 4; guardar valor de retorno
STOREFP; restaurar FP
RET 1
lbl_end_intValue@Integer: NOP
STOREFP; restaurar FP
RET 1

lbl_builder@Integer: 
LOADFP; apilar valor de FP
LOADSP; apilar valor de SP
STOREFP; almacenar FP en el tope de la pila
.DATA
className@Integer: DW "Integer",0
.CODE
PUSH className@Integer
LOAD 3
SWAP
STOREREF 1
LOAD 4; cargar parametro (v)
LOAD 3
SWAP
STOREREF 2; asignacion a atributo (value)
STOREFP; restaurar FP
RET 2



.DATA
VT@Boolean: DW lbl_booleanValue@Boolean
.CODE
lbl_booleanValue@Boolean: 
LOADFP; apilar valor de FP
LOADSP; apilar valor de SP
STOREFP; almacenar FP en el tope de la pila
LOAD 3
LOADREF 2; acceso a atributo (value)
STORE 4; guardar valor de retorno
STOREFP; restaurar FP
RET 1
lbl_end_booleanValue@Boolean: NOP
STOREFP; restaurar FP
RET 1

lbl_builder@Boolean: 
LOADFP; apilar valor de FP
LOADSP; apilar valor de SP
STOREFP; almacenar FP en el tope de la pila
.DATA
className@Boolean: DW "Boolean",0
.CODE
PUSH className@Boolean
LOAD 3
SWAP
STOREREF 1
LOAD 4; cargar parametro (v)
LOAD 3
SWAP
STOREREF 2; asignacion a atributo (value)
STOREFP; restaurar FP
RET 2



.DATA
VT@NodoGrafo: DW lbl_conectar@NodoGrafo
DW lbl_setVisitado@NodoGrafo
DW lbl_fueVisitado@NodoGrafo
DW lbl_getId@NodoGrafo
.CODE
lbl_conectar@NodoGrafo: 
LOADFP; apilar valor de FP
LOADSP; apilar valor de SP
STOREFP; almacenar FP en el tope de la pila
LOAD 5; cargar parametro (n1)
LOAD 3
SWAP
STOREREF 4; asignacion a atributo (vecino1)
LOAD 4; cargar parametro (n2)
LOAD 3
SWAP
STOREREF 5; asignacion a atributo (vecino2)
lbl_end_conectar@NodoGrafo: NOP
STOREFP; restaurar FP
RET 3

lbl_setVisitado@NodoGrafo: 
LOADFP; apilar valor de FP
LOADSP; apilar valor de SP
STOREFP; almacenar FP en el tope de la pila
LOAD 4; cargar parametro (b)
LOAD 3
SWAP
STOREREF 3; asignacion a atributo (visitado)
lbl_end_setVisitado@NodoGrafo: NOP
STOREFP; restaurar FP
RET 2

lbl_fueVisitado@NodoGrafo: 
LOADFP; apilar valor de FP
LOADSP; apilar valor de SP
STOREFP; almacenar FP en el tope de la pila
LOAD 3
LOADREF 3; acceso a atributo (visitado)
STORE 4; guardar valor de retorno
STOREFP; restaurar FP
RET 1
lbl_end_fueVisitado@NodoGrafo: NOP
STOREFP; restaurar FP
RET 1

lbl_getId@NodoGrafo: 
LOADFP; apilar valor de FP
LOADSP; apilar valor de SP
STOREFP; almacenar FP en el tope de la pila
LOAD 3
LOADREF 2; acceso a atributo (id)
STORE 4; guardar valor de retorno
STOREFP; restaurar FP
RET 1
lbl_end_getId@NodoGrafo: NOP
STOREFP; restaurar FP
RET 1

lbl_builder@NodoGrafo: 
LOADFP; apilar valor de FP
LOADSP; apilar valor de SP
STOREFP; almacenar FP en el tope de la pila
.DATA
className@NodoGrafo: DW "NodoGrafo",0
.CODE
PUSH className@NodoGrafo
LOAD 3
SWAP
STOREREF 1
LOAD 4; cargar parametro (v)
LOAD 3
SWAP
STOREREF 2; asignacion a atributo (id)
PUSH 0
LOAD 3
SWAP
STOREREF 3; asignacion a atributo (visitado)
PUSH 0; valor null
LOAD 3
SWAP
STOREREF 4; asignacion a atributo (vecino1)
PUSH 0; valor null
LOAD 3
SWAP
STOREREF 5; asignacion a atributo (vecino2)
STOREFP; restaurar FP
RET 2



.DATA
VT@String: NOP
.CODE
lbl_builder@String: 
LOADFP; apilar valor de FP
LOADSP; apilar valor de SP
STOREFP; almacenar FP en el tope de la pila
.DATA
className@String: DW "String",0
.CODE
PUSH className@String
LOAD 3
SWAP
STOREREF 1
STOREFP; restaurar FP
RET 1



.DATA
VT@Grafo: DW lbl_dfs@Grafo
.CODE
lbl_dfs@Grafo: 
LOADFP; apilar valor de FP
LOADSP; apilar valor de SP
STOREFP; almacenar FP en el tope de la pila
LOAD 4; cargar parametro (actual)
PUSH 0; valor null
EQ
BF lbl_fin_if@175
STOREFP; restaurar FP
RET 2
lbl_fin_if@175: NOP
LOAD 4; cargar parametro (actual)
RMEM 1; reservar lugar para el retorno
SWAP
DUP; duplicar this
LOADREF 0; cargar la VT
LOADREF 2; cargar metodo (fueVisitado)
CALL
BF lbl_fin_if@180
STOREFP; restaurar FP
RET 2
lbl_fin_if@180: NOP
LOAD 4; cargar parametro (actual)
PUSH 1
SWAP
DUP; duplicar this
LOADREF 0; cargar la VT
LOADREF 1; cargar metodo (setVisitado)
CALL
.DATA
lblString@187: DW "Visito: ",0
.CODE
PUSH lblString@187
PUSH lbl_printS@System
CALL
LOAD 4; cargar parametro (actual)
RMEM 1; reservar lugar para el retorno
SWAP
DUP; duplicar this
LOADREF 0; cargar la VT
LOADREF 3; cargar metodo (getId)
CALL
PUSH lbl_printIln@System
CALL
LOAD 3
LOAD 4; cargar parametro (actual)
LOADREF 4; acceso a atributo (vecino1)
SWAP
DUP
LOADREF 0; cargar la VT (Grafo)
LOADREF 0; cargar metodo (dfs)
CALL
LOAD 3
LOAD 4; cargar parametro (actual)
LOADREF 5; acceso a atributo (vecino2)
SWAP
DUP
LOADREF 0; cargar la VT (Grafo)
LOADREF 0; cargar metodo (dfs)
CALL
lbl_end_dfs@Grafo: NOP
STOREFP; restaurar FP
RET 2

lbl_builder@Grafo: 
LOADFP; apilar valor de FP
LOADSP; apilar valor de SP
STOREFP; almacenar FP en el tope de la pila
.DATA
className@Grafo: DW "Grafo",0
.CODE
PUSH className@Grafo
LOAD 3
SWAP
STOREREF 1
STOREFP; restaurar FP
RET 1



.DATA
VT@System: NOP
.CODE
lbl_read@System: 
LOADFP; apilar valor de FP
LOADSP; apilar valor de SP
STOREFP; almacenar FP en el tope de la pila
READ
PUSH 48
SUB
STORE 3
lbl_end_read@System: NOP
STOREFP; restaurar FP
RET 0

lbl_printB@System: 
LOADFP; apilar valor de FP
LOADSP; apilar valor de SP
STOREFP; almacenar FP en el tope de la pila
LOAD 3
BPRINT
lbl_end_printB@System: NOP
STOREFP; restaurar FP
RET 1

lbl_printC@System: 
LOADFP; apilar valor de FP
LOADSP; apilar valor de SP
STOREFP; almacenar FP en el tope de la pila
LOAD 3
CPRINT
lbl_end_printC@System: NOP
STOREFP; restaurar FP
RET 1

lbl_printI@System: 
LOADFP; apilar valor de FP
LOADSP; apilar valor de SP
STOREFP; almacenar FP en el tope de la pila
LOAD 3
IPRINT
lbl_end_printI@System: NOP
STOREFP; restaurar FP
RET 1

lbl_printS@System: 
LOADFP; apilar valor de FP
LOADSP; apilar valor de SP
STOREFP; almacenar FP en el tope de la pila
LOAD 3
SPRINT
lbl_end_printS@System: NOP
STOREFP; restaurar FP
RET 1

lbl_println@System: 
LOADFP; apilar valor de FP
LOADSP; apilar valor de SP
STOREFP; almacenar FP en el tope de la pila
PRNLN
lbl_end_println@System: NOP
STOREFP; restaurar FP
RET 0

lbl_printBln@System: 
LOADFP; apilar valor de FP
LOADSP; apilar valor de SP
STOREFP; almacenar FP en el tope de la pila
LOAD 3
BPRINT
PRNLN
lbl_end_printBln@System: NOP
STOREFP; restaurar FP
RET 1

lbl_printCln@System: 
LOADFP; apilar valor de FP
LOADSP; apilar valor de SP
STOREFP; almacenar FP en el tope de la pila
LOAD 3
CPRINT
PRNLN
lbl_end_printCln@System: NOP
STOREFP; restaurar FP
RET 1

lbl_printIln@System: 
LOADFP; apilar valor de FP
LOADSP; apilar valor de SP
STOREFP; almacenar FP en el tope de la pila
LOAD 3
IPRINT
PRNLN
lbl_end_printIln@System: NOP
STOREFP; restaurar FP
RET 1

lbl_printSln@System: 
LOADFP; apilar valor de FP
LOADSP; apilar valor de SP
STOREFP; almacenar FP en el tope de la pila
LOAD 3
SPRINT
PRNLN
lbl_end_printSln@System: NOP
STOREFP; restaurar FP
RET 1

lbl_builder@System: 
LOADFP; apilar valor de FP
LOADSP; apilar valor de SP
STOREFP; almacenar FP en el tope de la pila
.DATA
className@System: DW "System",0
.CODE
PUSH className@System
LOAD 3
SWAP
STOREREF 1
STOREFP; restaurar FP
RET 1



.DATA
VT@Object: NOP
.CODE
lbl_debugPrint@Object: 
LOADFP; apilar valor de FP
LOADSP; apilar valor de SP
STOREFP; almacenar FP en el tope de la pila
LOAD 3
IPRINT
lbl_end_debugPrint@Object: NOP
STOREFP; restaurar FP
RET 1

lbl_builder@Object: 
LOADFP; apilar valor de FP
LOADSP; apilar valor de SP
STOREFP; almacenar FP en el tope de la pila
.DATA
className@Object: DW "Object",0
.CODE
PUSH className@Object
LOAD 3
SWAP
STOREREF 1
STOREFP; restaurar FP
RET 1



