.CODE
PUSH simple_heap_init
CALL
PUSH lbl_main@Main
CALL
HALT


simple_heap_init: RET 0

simple_malloc: LOADFP
LOADSP
STOREFP
LOADHL
DUP
PUSH 1
ADD
STORE 4
LOAD 3
ADD
STOREHL
STOREFP
RET 1


.DATA
VT@Object: NOP
.CODE
lbl_debugPrint@Object: 
LOADFP; apilar valor de FP
LOADSP; apilar valor de SP
STOREFP; almacenar FP en el tope de la pila
LOAD 3
IPRINT
lbl_end_debugPrint@Object: NOP
STOREFP; restaurar FP
RET 1

lbl_builder@Object: 
LOADFP; apilar valor de FP
LOADSP; apilar valor de SP
STOREFP; almacenar FP en el tope de la pila
STOREFP; restaurar FP
RET 1



.DATA
VT@Integer: DW lbl_intValue@Integer
.CODE
lbl_intValue@Integer: 
LOADFP; apilar valor de FP
LOADSP; apilar valor de SP
STOREFP; almacenar FP en el tope de la pila
LOAD 3
LOADREF 1
STORE 4; guardar valor de retorno
STOREFP; restaurar FP
RET 1
lbl_end_intValue@Integer: NOP
STOREFP; restaurar FP
RET 1

lbl_builder@Integer: 
LOADFP; apilar valor de FP
LOADSP; apilar valor de SP
STOREFP; almacenar FP en el tope de la pila
LOAD 4
LOAD 3
SWAP
STOREREF 1
STOREFP; restaurar FP
RET 2



.DATA
VT@System: NOP
.CODE
lbl_read@System: 
LOADFP; apilar valor de FP
LOADSP; apilar valor de SP
STOREFP; almacenar FP en el tope de la pila
READ
PUSH 48
SUB
STORE 3
lbl_end_read@System: NOP
STOREFP; restaurar FP
RET 0

lbl_printB@System: 
LOADFP; apilar valor de FP
LOADSP; apilar valor de SP
STOREFP; almacenar FP en el tope de la pila
LOAD 3
BPRINT
lbl_end_printB@System: NOP
STOREFP; restaurar FP
RET 1

lbl_printC@System: 
LOADFP; apilar valor de FP
LOADSP; apilar valor de SP
STOREFP; almacenar FP en el tope de la pila
LOAD 3
CPRINT
lbl_end_printC@System: NOP
STOREFP; restaurar FP
RET 1

lbl_printI@System: 
LOADFP; apilar valor de FP
LOADSP; apilar valor de SP
STOREFP; almacenar FP en el tope de la pila
LOAD 3
IPRINT
lbl_end_printI@System: NOP
STOREFP; restaurar FP
RET 1

lbl_printS@System: 
LOADFP; apilar valor de FP
LOADSP; apilar valor de SP
STOREFP; almacenar FP en el tope de la pila
LOAD 3
SPRINT
lbl_end_printS@System: NOP
STOREFP; restaurar FP
RET 1

lbl_println@System: 
LOADFP; apilar valor de FP
LOADSP; apilar valor de SP
STOREFP; almacenar FP en el tope de la pila
PRNLN
lbl_end_println@System: NOP
STOREFP; restaurar FP
RET 0

lbl_printBln@System: 
LOADFP; apilar valor de FP
LOADSP; apilar valor de SP
STOREFP; almacenar FP en el tope de la pila
LOAD 3
BPRINT
PRNLN
lbl_end_printBln@System: NOP
STOREFP; restaurar FP
RET 1

lbl_printCln@System: 
LOADFP; apilar valor de FP
LOADSP; apilar valor de SP
STOREFP; almacenar FP en el tope de la pila
LOAD 3
CPRINT
PRNLN
lbl_end_printCln@System: NOP
STOREFP; restaurar FP
RET 1

lbl_printIln@System: 
LOADFP; apilar valor de FP
LOADSP; apilar valor de SP
STOREFP; almacenar FP en el tope de la pila
LOAD 3
IPRINT
PRNLN
lbl_end_printIln@System: NOP
STOREFP; restaurar FP
RET 1

lbl_printSln@System: 
LOADFP; apilar valor de FP
LOADSP; apilar valor de SP
STOREFP; almacenar FP en el tope de la pila
LOAD 3
SPRINT
PRNLN
lbl_end_printSln@System: NOP
STOREFP; restaurar FP
RET 1

lbl_builder@System: 
LOADFP; apilar valor de FP
LOADSP; apilar valor de SP
STOREFP; almacenar FP en el tope de la pila
STOREFP; restaurar FP
RET 1



.DATA
VT@Boolean: DW lbl_booleanValue@Boolean
.CODE
lbl_booleanValue@Boolean: 
LOADFP; apilar valor de FP
LOADSP; apilar valor de SP
STOREFP; almacenar FP en el tope de la pila
LOAD 3
LOADREF 1
STORE 4; guardar valor de retorno
STOREFP; restaurar FP
RET 1
lbl_end_booleanValue@Boolean: NOP
STOREFP; restaurar FP
RET 1

lbl_builder@Boolean: 
LOADFP; apilar valor de FP
LOADSP; apilar valor de SP
STOREFP; almacenar FP en el tope de la pila
LOAD 4
LOAD 3
SWAP
STOREREF 1
STOREFP; restaurar FP
RET 2



.DATA
VT@Character: DW lbl_charValue@Character
.CODE
lbl_charValue@Character: 
LOADFP; apilar valor de FP
LOADSP; apilar valor de SP
STOREFP; almacenar FP en el tope de la pila
LOAD 3
LOADREF 1
STORE 4; guardar valor de retorno
STOREFP; restaurar FP
RET 1
lbl_end_charValue@Character: NOP
STOREFP; restaurar FP
RET 1

lbl_builder@Character: 
LOADFP; apilar valor de FP
LOADSP; apilar valor de SP
STOREFP; almacenar FP en el tope de la pila
LOAD 4
LOAD 3
SWAP
STOREREF 1
STOREFP; restaurar FP
RET 2



.DATA
VT@Mascota: DW lbl_getNombre@Mascota
DW lbl_getEdad@Mascota
.CODE
lbl_getNombre@Mascota: 
LOADFP; apilar valor de FP
LOADSP; apilar valor de SP
STOREFP; almacenar FP en el tope de la pila
LOAD 3
LOADREF 1
STORE 4; guardar valor de retorno
STOREFP; restaurar FP
RET 1
lbl_end_getNombre@Mascota: NOP
STOREFP; restaurar FP
RET 1

lbl_getEdad@Mascota: 
LOADFP; apilar valor de FP
LOADSP; apilar valor de SP
STOREFP; almacenar FP en el tope de la pila
LOAD 3
LOADREF 2
STORE 4; guardar valor de retorno
STOREFP; restaurar FP
RET 1
lbl_end_getEdad@Mascota: NOP
STOREFP; restaurar FP
RET 1

lbl_builder@Mascota: 
LOADFP; apilar valor de FP
LOADSP; apilar valor de SP
STOREFP; almacenar FP en el tope de la pila
LOAD 4
LOAD 3
SWAP
STOREREF 1
LOAD 5
LOAD 3
SWAP
STOREREF 2
STOREFP; restaurar FP
RET 3



.DATA
VT@String: NOP
.CODE
lbl_builder@String: 
LOADFP; apilar valor de FP
LOADSP; apilar valor de SP
STOREFP; almacenar FP en el tope de la pila
STOREFP; restaurar FP
RET 1



.DATA
VT@Main: NOP
.CODE
lbl_main@Main: 
LOADFP; apilar valor de FP
LOADSP; apilar valor de SP
STOREFP; almacenar FP en el tope de la pila
RMEM 2; reservar espacio para variables locales (2)
RMEM 1
PUSH 3
PUSH simple_malloc
CALL
DUP
PUSH VT@Mascota
STOREREF 0
.DATA
lblString@75: DW "Fido",0
.CODE
PUSH lblString@75
SWAP
PUSH 4
SWAP
DUP
PUSH lbl_builder@Mascota
CALL
STORE 0
.DATA
lblString@78: DW "Nombre: ",0
.CODE
PUSH lblString@78
PUSH lbl_printS@System
CALL
LOAD 0
RMEM 1; reservar lugar para el retorno
SWAP
DUP; duplicar this
LOADREF 0; cargar la VT
LOADREF 0; cargar metodo (getNombre)
CALL
PUSH lbl_printSln@System
CALL
.DATA
lblString@80: DW "Edad: ",0
.CODE
PUSH lblString@80
PUSH lbl_printS@System
CALL
LOAD 0
RMEM 1; reservar lugar para el retorno
SWAP
DUP; duplicar this
LOADREF 0; cargar la VT
LOADREF 1; cargar metodo (getEdad)
CALL
PUSH lbl_printIln@System
CALL
RMEM 1
PUSH 3
PUSH simple_malloc
CALL
DUP
PUSH VT@Mascota
STOREREF 0
.DATA
lblString@84: DW "Luna",0
.CODE
PUSH lblString@84
SWAP
PUSH 2
SWAP
DUP
PUSH lbl_builder@Mascota
CALL
STORE -1
.DATA
lblString@86: DW "---",0
.CODE
PUSH lblString@86
PUSH lbl_printSln@System
CALL
.DATA
lblString@87: DW "Nombre: ",0
.CODE
PUSH lblString@87
PUSH lbl_printS@System
CALL
LOAD -1
RMEM 1; reservar lugar para el retorno
SWAP
DUP; duplicar this
LOADREF 0; cargar la VT
LOADREF 0; cargar metodo (getNombre)
CALL
PUSH lbl_printSln@System
CALL
.DATA
lblString@89: DW "Edad: ",0
.CODE
PUSH lblString@89
PUSH lbl_printS@System
CALL
LOAD -1
RMEM 1; reservar lugar para el retorno
SWAP
DUP; duplicar this
LOADREF 0; cargar la VT
LOADREF 1; cargar metodo (getEdad)
CALL
PUSH lbl_printIln@System
CALL
.DATA
lblString@92: DW "--------------------",0
.CODE
PUSH lblString@92
PUSH lbl_printSln@System
CALL
lbl_end_main@Main: NOP
FMEM 2; liberar espacio de variables locales (2)
STOREFP; restaurar FP
RET 0

lbl_builder@Main: 
LOADFP; apilar valor de FP
LOADSP; apilar valor de SP
STOREFP; almacenar FP en el tope de la pila
STOREFP; restaurar FP
RET 1



