.CODE
PUSH simple_heap_init
CALL
PUSH lbl_main@Init
CALL
HALT


simple_heap_init: RET 0

simple_malloc: LOADFP
LOADSP
STOREFP
LOADHL
DUP
PUSH 1
ADD
STORE 4
LOAD 3
ADD
STOREHL
STOREFP
RET 1


.DATA
VT@Integer: DW lbl_toString@Object
DW lbl_intValue@Integer
.CODE
lbl_intValue@Integer: 
LOADFP; apilar valor de FP
LOADSP; apilar valor de SP
STOREFP; almacenar FP en el tope de la pila
LOAD 3
LOADREF 2; acceso a atributo (value)
STORE 4; guardar valor de retorno
STOREFP; restaurar FP
RET 1
lbl_end_intValue@Integer: NOP
STOREFP; restaurar FP
RET 1

lbl_builder@Integer: 
LOADFP; apilar valor de FP
LOADSP; apilar valor de SP
STOREFP; almacenar FP en el tope de la pila
.DATA
className@Integer: DW "Integer",0
.CODE
PUSH className@Integer
LOAD 3
SWAP
STOREREF 1
LOAD 4; cargar parametro (v)
LOAD 3
SWAP
STOREREF 2; asignacion a atributo (value)
STOREFP; restaurar FP
RET 2



.DATA
VT@B: DW lbl_toString@Object
.CODE
lbl_builder@B: 
LOADFP; apilar valor de FP
LOADSP; apilar valor de SP
STOREFP; almacenar FP en el tope de la pila
.DATA
className@B: DW "B",0
.CODE
PUSH className@B
LOAD 3
SWAP
STOREREF 1
STOREFP; restaurar FP
RET 1



.DATA
VT@Character: DW lbl_toString@Object
DW lbl_charValue@Character
.CODE
lbl_charValue@Character: 
LOADFP; apilar valor de FP
LOADSP; apilar valor de SP
STOREFP; almacenar FP en el tope de la pila
LOAD 3
LOADREF 2; acceso a atributo (value)
STORE 4; guardar valor de retorno
STOREFP; restaurar FP
RET 1
lbl_end_charValue@Character: NOP
STOREFP; restaurar FP
RET 1

lbl_builder@Character: 
LOADFP; apilar valor de FP
LOADSP; apilar valor de SP
STOREFP; almacenar FP en el tope de la pila
.DATA
className@Character: DW "Character",0
.CODE
PUSH className@Character
LOAD 3
SWAP
STOREREF 1
LOAD 4; cargar parametro (v)
LOAD 3
SWAP
STOREREF 2; asignacion a atributo (value)
STOREFP; restaurar FP
RET 2



.DATA
VT@A: DW lbl_toString@Object
.CODE
lbl_builder@A: 
LOADFP; apilar valor de FP
LOADSP; apilar valor de SP
STOREFP; almacenar FP en el tope de la pila
.DATA
className@A: DW "A",0
.CODE
PUSH className@A
LOAD 3
SWAP
STOREREF 1
STOREFP; restaurar FP
RET 1



.DATA
VT@Object: DW lbl_toString@Object
.CODE
lbl_toString@Object: 
LOADFP; apilar valor de FP
LOADSP; apilar valor de SP
STOREFP; almacenar FP en el tope de la pila
LOAD 3
LOADREF 1; acceso a atributo (className)
SPRINT
lbl_end_toString@Object: NOP
STOREFP; restaurar FP
RET 1

lbl_debugPrint@Object: 
LOADFP; apilar valor de FP
LOADSP; apilar valor de SP
STOREFP; almacenar FP en el tope de la pila
LOAD 3
IPRINT
lbl_end_debugPrint@Object: NOP
STOREFP; restaurar FP
RET 1

lbl_builder@Object: 
LOADFP; apilar valor de FP
LOADSP; apilar valor de SP
STOREFP; almacenar FP en el tope de la pila
.DATA
className@Object: DW "Object",0
.CODE
PUSH className@Object
LOAD 3
SWAP
STOREREF 1
STOREFP; restaurar FP
RET 1



.DATA
VT@Init: DW lbl_toString@Object
.CODE
lbl_main@Init: 
LOADFP; apilar valor de FP
LOADSP; apilar valor de SP
STOREFP; almacenar FP en el tope de la pila
RMEM 5; reservar espacio para variables locales (5)
PUSH 1
STORE 0; almacenar variable local (i)
RMEM 1
PUSH 2
PUSH simple_malloc
CALL
DUP
PUSH VT@B
STOREREF 0
DUP
PUSH lbl_builder@B
CALL
STORE -1; almacenar variable local (x)
RMEM 1
PUSH 2
PUSH simple_malloc
CALL
DUP
PUSH VT@C
STOREREF 0
DUP
PUSH lbl_builder@C
CALL
STORE -2; almacenar variable local (y)
LOAD 0; cargar variable local (i)
BF lbl_else@72
LOAD -1; cargar variable local (x)
JUMP lbl_fin_if@72
lbl_else@72: NOP
LOAD -2; cargar variable local (y)
lbl_fin_if@72: NOP
STORE -3; almacenar variable local (a)
LOAD 0; cargar variable local (i)
NOT
BF lbl_else@73
LOAD -1; cargar variable local (x)
JUMP lbl_fin_if@73
lbl_else@73: NOP
LOAD -2; cargar variable local (y)
lbl_fin_if@73: NOP
STORE -4; almacenar variable local (b)
LOAD -3; cargar variable local (a)
DUP; duplicar this
LOADREF 0; cargar la VT
LOADREF 0; cargar metodo (toString)
CALL
LOAD -4; cargar variable local (b)
DUP; duplicar this
LOADREF 0; cargar la VT
LOADREF 0; cargar metodo (toString)
CALL
FMEM 5; liberar espacio de variables locales (5)
lbl_end_main@Init: NOP
STOREFP; restaurar FP
RET 0

lbl_builder@Init: 
LOADFP; apilar valor de FP
LOADSP; apilar valor de SP
STOREFP; almacenar FP en el tope de la pila
.DATA
className@Init: DW "Init",0
.CODE
PUSH className@Init
LOAD 3
SWAP
STOREREF 1
STOREFP; restaurar FP
RET 1



.DATA
VT@System: DW lbl_toString@Object
.CODE
lbl_read@System: 
LOADFP; apilar valor de FP
LOADSP; apilar valor de SP
STOREFP; almacenar FP en el tope de la pila
READ
PUSH 48
SUB
STORE 3
lbl_end_read@System: NOP
STOREFP; restaurar FP
RET 0

lbl_printB@System: 
LOADFP; apilar valor de FP
LOADSP; apilar valor de SP
STOREFP; almacenar FP en el tope de la pila
LOAD 3
BPRINT
lbl_end_printB@System: NOP
STOREFP; restaurar FP
RET 1

lbl_printC@System: 
LOADFP; apilar valor de FP
LOADSP; apilar valor de SP
STOREFP; almacenar FP en el tope de la pila
LOAD 3
CPRINT
lbl_end_printC@System: NOP
STOREFP; restaurar FP
RET 1

lbl_printI@System: 
LOADFP; apilar valor de FP
LOADSP; apilar valor de SP
STOREFP; almacenar FP en el tope de la pila
LOAD 3
IPRINT
lbl_end_printI@System: NOP
STOREFP; restaurar FP
RET 1

lbl_printS@System: 
LOADFP; apilar valor de FP
LOADSP; apilar valor de SP
STOREFP; almacenar FP en el tope de la pila
LOAD 3
SPRINT
lbl_end_printS@System: NOP
STOREFP; restaurar FP
RET 1

lbl_println@System: 
LOADFP; apilar valor de FP
LOADSP; apilar valor de SP
STOREFP; almacenar FP en el tope de la pila
PRNLN
lbl_end_println@System: NOP
STOREFP; restaurar FP
RET 0

lbl_printBln@System: 
LOADFP; apilar valor de FP
LOADSP; apilar valor de SP
STOREFP; almacenar FP en el tope de la pila
LOAD 3
BPRINT
PRNLN
lbl_end_printBln@System: NOP
STOREFP; restaurar FP
RET 1

lbl_printCln@System: 
LOADFP; apilar valor de FP
LOADSP; apilar valor de SP
STOREFP; almacenar FP en el tope de la pila
LOAD 3
CPRINT
PRNLN
lbl_end_printCln@System: NOP
STOREFP; restaurar FP
RET 1

lbl_printIln@System: 
LOADFP; apilar valor de FP
LOADSP; apilar valor de SP
STOREFP; almacenar FP en el tope de la pila
LOAD 3
IPRINT
PRNLN
lbl_end_printIln@System: NOP
STOREFP; restaurar FP
RET 1

lbl_printSln@System: 
LOADFP; apilar valor de FP
LOADSP; apilar valor de SP
STOREFP; almacenar FP en el tope de la pila
LOAD 3
SPRINT
PRNLN
lbl_end_printSln@System: NOP
STOREFP; restaurar FP
RET 1

lbl_builder@System: 
LOADFP; apilar valor de FP
LOADSP; apilar valor de SP
STOREFP; almacenar FP en el tope de la pila
.DATA
className@System: DW "System",0
.CODE
PUSH className@System
LOAD 3
SWAP
STOREREF 1
STOREFP; restaurar FP
RET 1



.DATA
VT@Boolean: DW lbl_toString@Object
DW lbl_booleanValue@Boolean
.CODE
lbl_booleanValue@Boolean: 
LOADFP; apilar valor de FP
LOADSP; apilar valor de SP
STOREFP; almacenar FP en el tope de la pila
LOAD 3
LOADREF 2; acceso a atributo (value)
STORE 4; guardar valor de retorno
STOREFP; restaurar FP
RET 1
lbl_end_booleanValue@Boolean: NOP
STOREFP; restaurar FP
RET 1

lbl_builder@Boolean: 
LOADFP; apilar valor de FP
LOADSP; apilar valor de SP
STOREFP; almacenar FP en el tope de la pila
.DATA
className@Boolean: DW "Boolean",0
.CODE
PUSH className@Boolean
LOAD 3
SWAP
STOREREF 1
LOAD 4; cargar parametro (v)
LOAD 3
SWAP
STOREREF 2; asignacion a atributo (value)
STOREFP; restaurar FP
RET 2



.DATA
VT@String: DW lbl_toString@Object
.CODE
lbl_builder@String: 
LOADFP; apilar valor de FP
LOADSP; apilar valor de SP
STOREFP; almacenar FP en el tope de la pila
.DATA
className@String: DW "String",0
.CODE
PUSH className@String
LOAD 3
SWAP
STOREREF 1
STOREFP; restaurar FP
RET 1



.DATA
VT@C: DW lbl_toString@Object
.CODE
lbl_builder@C: 
LOADFP; apilar valor de FP
LOADSP; apilar valor de SP
STOREFP; almacenar FP en el tope de la pila
.DATA
className@C: DW "C",0
.CODE
PUSH className@C
LOAD 3
SWAP
STOREREF 1
STOREFP; restaurar FP
RET 1



