.CODE
PUSH simple_heap_init
CALL
PUSH lbl_main@Main
CALL
HALT


simple_heap_init: RET 0

simple_malloc: LOADFP
LOADSP
STOREFP
LOADHL
DUP
PUSH 1
ADD
STORE 4
LOAD 3
ADD
STOREHL
STOREFP
RET 1


.DATA
VT@Nivel3: DW lbl_setValor@Nivel3
DW lbl_getValor@Nivel3
.CODE
lbl_setValor@Nivel3: 
LOADFP; apilar valor de FP
LOADSP; apilar valor de SP
STOREFP; almacenar FP en el tope de la pila
LOAD 4; cargar parametro (v)
LOAD 3
SWAP
STOREREF 2; asignacion a atributo (valor)
lbl_end_setValor@Nivel3: NOP
STOREFP; restaurar FP
RET 2

lbl_getValor@Nivel3: 
LOADFP; apilar valor de FP
LOADSP; apilar valor de SP
STOREFP; almacenar FP en el tope de la pila
LOAD 3
LOADREF 2; acceso a atributo (valor)
STORE 4; guardar valor de retorno
STOREFP; restaurar FP
RET 1
lbl_end_getValor@Nivel3: NOP
STOREFP; restaurar FP
RET 1

lbl_builder@Nivel3: 
LOADFP; apilar valor de FP
LOADSP; apilar valor de SP
STOREFP; almacenar FP en el tope de la pila
.DATA
className@Nivel3: DW "Nivel3",0
.CODE
PUSH className@Nivel3
LOAD 3
SWAP
STOREREF 1
STOREFP; restaurar FP
RET 1



.DATA
VT@String: NOP
.CODE
lbl_builder@String: 
LOADFP; apilar valor de FP
LOADSP; apilar valor de SP
STOREFP; almacenar FP en el tope de la pila
.DATA
className@String: DW "String",0
.CODE
PUSH className@String
LOAD 3
SWAP
STOREREF 1
STOREFP; restaurar FP
RET 1



.DATA
VT@Object: NOP
.CODE
lbl_debugPrint@Object: 
LOADFP; apilar valor de FP
LOADSP; apilar valor de SP
STOREFP; almacenar FP en el tope de la pila
LOAD 3
IPRINT
lbl_end_debugPrint@Object: NOP
STOREFP; restaurar FP
RET 1

lbl_builder@Object: 
LOADFP; apilar valor de FP
LOADSP; apilar valor de SP
STOREFP; almacenar FP en el tope de la pila
.DATA
className@Object: DW "Object",0
.CODE
PUSH className@Object
LOAD 3
SWAP
STOREREF 1
STOREFP; restaurar FP
RET 1



.DATA
VT@Nivel1: NOP
.CODE
lbl_builder@Nivel1: 
LOADFP; apilar valor de FP
LOADSP; apilar valor de SP
STOREFP; almacenar FP en el tope de la pila
.DATA
className@Nivel1: DW "Nivel1",0
.CODE
PUSH className@Nivel1
LOAD 3
SWAP
STOREREF 1
RMEM 1
PUSH 3
PUSH simple_malloc
CALL
DUP
PUSH VT@Nivel2
STOREREF 0
DUP
PUSH lbl_builder@Nivel2
CALL
LOAD 3
SWAP
STOREREF 2; asignacion a atributo (medio)
STOREFP; restaurar FP
RET 1



.DATA
VT@Integer: DW lbl_intValue@Integer
.CODE
lbl_intValue@Integer: 
LOADFP; apilar valor de FP
LOADSP; apilar valor de SP
STOREFP; almacenar FP en el tope de la pila
LOAD 3
LOADREF 2; acceso a atributo (value)
STORE 4; guardar valor de retorno
STOREFP; restaurar FP
RET 1
lbl_end_intValue@Integer: NOP
STOREFP; restaurar FP
RET 1

lbl_builder@Integer: 
LOADFP; apilar valor de FP
LOADSP; apilar valor de SP
STOREFP; almacenar FP en el tope de la pila
.DATA
className@Integer: DW "Integer",0
.CODE
PUSH className@Integer
LOAD 3
SWAP
STOREREF 1
LOAD 4; cargar parametro (v)
LOAD 3
SWAP
STOREREF 2; asignacion a atributo (value)
STOREFP; restaurar FP
RET 2



.DATA
VT@Boolean: DW lbl_booleanValue@Boolean
.CODE
lbl_booleanValue@Boolean: 
LOADFP; apilar valor de FP
LOADSP; apilar valor de SP
STOREFP; almacenar FP en el tope de la pila
LOAD 3
LOADREF 2; acceso a atributo (value)
STORE 4; guardar valor de retorno
STOREFP; restaurar FP
RET 1
lbl_end_booleanValue@Boolean: NOP
STOREFP; restaurar FP
RET 1

lbl_builder@Boolean: 
LOADFP; apilar valor de FP
LOADSP; apilar valor de SP
STOREFP; almacenar FP en el tope de la pila
.DATA
className@Boolean: DW "Boolean",0
.CODE
PUSH className@Boolean
LOAD 3
SWAP
STOREREF 1
LOAD 4; cargar parametro (v)
LOAD 3
SWAP
STOREREF 2; asignacion a atributo (value)
STOREFP; restaurar FP
RET 2



.DATA
VT@Character: DW lbl_charValue@Character
.CODE
lbl_charValue@Character: 
LOADFP; apilar valor de FP
LOADSP; apilar valor de SP
STOREFP; almacenar FP en el tope de la pila
LOAD 3
LOADREF 2; acceso a atributo (value)
STORE 4; guardar valor de retorno
STOREFP; restaurar FP
RET 1
lbl_end_charValue@Character: NOP
STOREFP; restaurar FP
RET 1

lbl_builder@Character: 
LOADFP; apilar valor de FP
LOADSP; apilar valor de SP
STOREFP; almacenar FP en el tope de la pila
.DATA
className@Character: DW "Character",0
.CODE
PUSH className@Character
LOAD 3
SWAP
STOREREF 1
LOAD 4; cargar parametro (v)
LOAD 3
SWAP
STOREREF 2; asignacion a atributo (value)
STOREFP; restaurar FP
RET 2



.DATA
VT@Nivel2: DW lbl_getInterno@Nivel2
.CODE
lbl_getInterno@Nivel2: 
LOADFP; apilar valor de FP
LOADSP; apilar valor de SP
STOREFP; almacenar FP en el tope de la pila
LOAD 3
LOADREF 2; acceso a atributo (interno)
STORE 4; guardar valor de retorno
STOREFP; restaurar FP
RET 1
lbl_end_getInterno@Nivel2: NOP
STOREFP; restaurar FP
RET 1

lbl_builder@Nivel2: 
LOADFP; apilar valor de FP
LOADSP; apilar valor de SP
STOREFP; almacenar FP en el tope de la pila
.DATA
className@Nivel2: DW "Nivel2",0
.CODE
PUSH className@Nivel2
LOAD 3
SWAP
STOREREF 1
RMEM 1
PUSH 3
PUSH simple_malloc
CALL
DUP
PUSH VT@Nivel3
STOREREF 0
DUP
PUSH lbl_builder@Nivel3
CALL
LOAD 3
SWAP
STOREREF 2; asignacion a atributo (interno)
STOREFP; restaurar FP
RET 1



.DATA
VT@System: NOP
.CODE
lbl_read@System: 
LOADFP; apilar valor de FP
LOADSP; apilar valor de SP
STOREFP; almacenar FP en el tope de la pila
READ
PUSH 48
SUB
STORE 3
lbl_end_read@System: NOP
STOREFP; restaurar FP
RET 0

lbl_printB@System: 
LOADFP; apilar valor de FP
LOADSP; apilar valor de SP
STOREFP; almacenar FP en el tope de la pila
LOAD 3
BPRINT
lbl_end_printB@System: NOP
STOREFP; restaurar FP
RET 1

lbl_printC@System: 
LOADFP; apilar valor de FP
LOADSP; apilar valor de SP
STOREFP; almacenar FP en el tope de la pila
LOAD 3
CPRINT
lbl_end_printC@System: NOP
STOREFP; restaurar FP
RET 1

lbl_printI@System: 
LOADFP; apilar valor de FP
LOADSP; apilar valor de SP
STOREFP; almacenar FP en el tope de la pila
LOAD 3
IPRINT
lbl_end_printI@System: NOP
STOREFP; restaurar FP
RET 1

lbl_printS@System: 
LOADFP; apilar valor de FP
LOADSP; apilar valor de SP
STOREFP; almacenar FP en el tope de la pila
LOAD 3
SPRINT
lbl_end_printS@System: NOP
STOREFP; restaurar FP
RET 1

lbl_println@System: 
LOADFP; apilar valor de FP
LOADSP; apilar valor de SP
STOREFP; almacenar FP en el tope de la pila
PRNLN
lbl_end_println@System: NOP
STOREFP; restaurar FP
RET 0

lbl_printBln@System: 
LOADFP; apilar valor de FP
LOADSP; apilar valor de SP
STOREFP; almacenar FP en el tope de la pila
LOAD 3
BPRINT
PRNLN
lbl_end_printBln@System: NOP
STOREFP; restaurar FP
RET 1

lbl_printCln@System: 
LOADFP; apilar valor de FP
LOADSP; apilar valor de SP
STOREFP; almacenar FP en el tope de la pila
LOAD 3
CPRINT
PRNLN
lbl_end_printCln@System: NOP
STOREFP; restaurar FP
RET 1

lbl_printIln@System: 
LOADFP; apilar valor de FP
LOADSP; apilar valor de SP
STOREFP; almacenar FP en el tope de la pila
LOAD 3
IPRINT
PRNLN
lbl_end_printIln@System: NOP
STOREFP; restaurar FP
RET 1

lbl_printSln@System: 
LOADFP; apilar valor de FP
LOADSP; apilar valor de SP
STOREFP; almacenar FP en el tope de la pila
LOAD 3
SPRINT
PRNLN
lbl_end_printSln@System: NOP
STOREFP; restaurar FP
RET 1

lbl_builder@System: 
LOADFP; apilar valor de FP
LOADSP; apilar valor de SP
STOREFP; almacenar FP en el tope de la pila
.DATA
className@System: DW "System",0
.CODE
PUSH className@System
LOAD 3
SWAP
STOREREF 1
STOREFP; restaurar FP
RET 1



.DATA
VT@Main: NOP
.CODE
lbl_main@Main: 
LOADFP; apilar valor de FP
LOADSP; apilar valor de SP
STOREFP; almacenar FP en el tope de la pila
RMEM 1; reservar espacio para variables locales (1)
RMEM 1
PUSH 3
PUSH simple_malloc
CALL
DUP
PUSH VT@Nivel1
STOREREF 0
DUP
PUSH lbl_builder@Nivel1
CALL
STORE 0; almacenar variable local (base)
PUSH 500
LOAD 0; cargar variable local (base)
LOADREF 2; acceso a atributo (medio)
RMEM 1; reservar lugar para el retorno
SWAP
DUP; duplicar this
LOADREF 0; cargar la VT (Nivel2)
LOADREF 0; cargar metodo (getInterno)
CALL
SWAP
STOREREF 2; asignacion a atributo (valor)
LOAD 0; cargar variable local (base)
LOADREF 2; acceso a atributo (medio)
RMEM 1; reservar lugar para el retorno
SWAP
DUP; duplicar this
LOADREF 0; cargar la VT (Nivel2)
LOADREF 0; cargar metodo (getInterno)
CALL
LOADREF 2; acceso a atributo (valor)
PUSH lbl_debugPrint@Object
CALL
PUSH 1000
LOAD 0; cargar variable local (base)
LOADREF 2; acceso a atributo (medio)
LOADREF 2; acceso a atributo (interno)
SWAP
STOREREF 2; asignacion a atributo (valor)
.DATA
lblString@90: DW "Valor final: ",0
.CODE
PUSH lblString@90
PUSH lbl_printS@System
CALL
LOAD 0; cargar variable local (base)
LOADREF 2; acceso a atributo (medio)
RMEM 1; reservar lugar para el retorno
SWAP
DUP; duplicar this
LOADREF 0; cargar la VT (Nivel2)
LOADREF 0; cargar metodo (getInterno)
CALL
RMEM 1; reservar lugar para el retorno
SWAP
DUP; duplicar this
LOADREF 0; cargar la VT (Nivel3)
LOADREF 1; cargar metodo (getValor)
CALL
PUSH lbl_printIln@System
CALL
lbl_end_main@Main: NOP
FMEM 1; liberar espacio de variables locales (1)
STOREFP; restaurar FP
RET 0

lbl_builder@Main: 
LOADFP; apilar valor de FP
LOADSP; apilar valor de SP
STOREFP; almacenar FP en el tope de la pila
.DATA
className@Main: DW "Main",0
.CODE
PUSH className@Main
LOAD 3
SWAP
STOREREF 1
STOREFP; restaurar FP
RET 1



