.CODE
PUSH simple_heap_init
CALL
PUSH lbl_main@TestIf
CALL
HALT


simple_heap_init: RET 0

simple_malloc: LOADFP
LOADSP
STOREFP
LOADHL
DUP
PUSH 1
ADD
STORE 4
LOAD 3
ADD
STOREHL
STOREFP
RET 1


.DATA
VT@String: NOP
.CODE
lbl_builder@String: 
LOADFP; apilar valor de FP
LOADSP; apilar valor de SP
STOREFP; almacenar FP en el tope de la pila
STOREFP; restaurar FP
RET 1



.DATA
VT@System: NOP
.CODE
lbl_read@System: 
LOADFP; apilar valor de FP
LOADSP; apilar valor de SP
STOREFP; almacenar FP en el tope de la pila
READ
PUSH 48
SUB
STORE 3
lbl_end_read@System: NOP
STOREFP; restaurar FP
RET 0

lbl_printB@System: 
LOADFP; apilar valor de FP
LOADSP; apilar valor de SP
STOREFP; almacenar FP en el tope de la pila
LOAD 3
BPRINT
lbl_end_printB@System: NOP
STOREFP; restaurar FP
RET 1

lbl_printC@System: 
LOADFP; apilar valor de FP
LOADSP; apilar valor de SP
STOREFP; almacenar FP en el tope de la pila
LOAD 3
CPRINT
lbl_end_printC@System: NOP
STOREFP; restaurar FP
RET 1

lbl_printI@System: 
LOADFP; apilar valor de FP
LOADSP; apilar valor de SP
STOREFP; almacenar FP en el tope de la pila
LOAD 3
IPRINT
lbl_end_printI@System: NOP
STOREFP; restaurar FP
RET 1

lbl_printS@System: 
LOADFP; apilar valor de FP
LOADSP; apilar valor de SP
STOREFP; almacenar FP en el tope de la pila
LOAD 3
SPRINT
lbl_end_printS@System: NOP
STOREFP; restaurar FP
RET 1

lbl_println@System: 
LOADFP; apilar valor de FP
LOADSP; apilar valor de SP
STOREFP; almacenar FP en el tope de la pila
PRNLN
lbl_end_println@System: NOP
STOREFP; restaurar FP
RET 0

lbl_printBln@System: 
LOADFP; apilar valor de FP
LOADSP; apilar valor de SP
STOREFP; almacenar FP en el tope de la pila
LOAD 3
BPRINT
PRNLN
lbl_end_printBln@System: NOP
STOREFP; restaurar FP
RET 1

lbl_printCln@System: 
LOADFP; apilar valor de FP
LOADSP; apilar valor de SP
STOREFP; almacenar FP en el tope de la pila
LOAD 3
CPRINT
PRNLN
lbl_end_printCln@System: NOP
STOREFP; restaurar FP
RET 1

lbl_printIln@System: 
LOADFP; apilar valor de FP
LOADSP; apilar valor de SP
STOREFP; almacenar FP en el tope de la pila
LOAD 3
IPRINT
PRNLN
lbl_end_printIln@System: NOP
STOREFP; restaurar FP
RET 1

lbl_printSln@System: 
LOADFP; apilar valor de FP
LOADSP; apilar valor de SP
STOREFP; almacenar FP en el tope de la pila
LOAD 3
SPRINT
PRNLN
lbl_end_printSln@System: NOP
STOREFP; restaurar FP
RET 1

lbl_builder@System: 
LOADFP; apilar valor de FP
LOADSP; apilar valor de SP
STOREFP; almacenar FP en el tope de la pila
STOREFP; restaurar FP
RET 1



.DATA
VT@Integer: DW lbl_intValue@Integer
.CODE
lbl_intValue@Integer: 
LOADFP; apilar valor de FP
LOADSP; apilar valor de SP
STOREFP; almacenar FP en el tope de la pila
LOAD 3
LOADREF 1
STORE 4; guardar valor de retorno
STOREFP; restaurar FP
RET 1
lbl_end_intValue@Integer: NOP
STOREFP; restaurar FP
RET 1

lbl_builder@Integer: 
LOADFP; apilar valor de FP
LOADSP; apilar valor de SP
STOREFP; almacenar FP en el tope de la pila
LOAD 4
LOAD 3
SWAP
STOREREF 1
STOREFP; restaurar FP
RET 2



.DATA
VT@Character: DW lbl_charValue@Character
.CODE
lbl_charValue@Character: 
LOADFP; apilar valor de FP
LOADSP; apilar valor de SP
STOREFP; almacenar FP en el tope de la pila
LOAD 3
LOADREF 1
STORE 4; guardar valor de retorno
STOREFP; restaurar FP
RET 1
lbl_end_charValue@Character: NOP
STOREFP; restaurar FP
RET 1

lbl_builder@Character: 
LOADFP; apilar valor de FP
LOADSP; apilar valor de SP
STOREFP; almacenar FP en el tope de la pila
LOAD 4
LOAD 3
SWAP
STOREREF 1
STOREFP; restaurar FP
RET 2



.DATA
VT@TestIf: NOP
.CODE
lbl_main@TestIf: 
LOADFP; apilar valor de FP
LOADSP; apilar valor de SP
STOREFP; almacenar FP en el tope de la pila
RMEM 2; reservar espacio para variables locales (2)
PUSH 5
STORE 0
LOAD 0
PUSH 1
ADD
STORE 0
PUSH lbl_printIln@System
CALL
LOAD 0
PUSH 1
SUB
STORE 0
PUSH lbl_printIln@System
CALL
PUSH 5
STORE -1
LOAD 0
LOAD -1
GT
BF lbl_else@54
PUSH 1
PUSH lbl_printIln@System
CALL
JUMP lbl_fin_if@54
lbl_else@54: NOP
PUSH 2
PUSH lbl_printIln@System
CALL
lbl_fin_if@54: NOP
LOAD 0
LOAD -1
LT
BF lbl_else@60
PUSH 3
PUSH lbl_printIln@System
CALL
JUMP lbl_fin_if@60
lbl_else@60: NOP
PUSH 4
PUSH lbl_printIln@System
CALL
lbl_fin_if@60: NOP
LOAD 0
LOAD -1
GT
BF lbl_fin_if@66
PUSH 5
PUSH lbl_printIln@System
CALL
lbl_fin_if@66: NOP
PUSH 6
PUSH lbl_printIln@System
CALL
LOAD 0
LOAD -1
LT
BF lbl_fin_if@71
PUSH 7
PUSH lbl_printIln@System
CALL
lbl_fin_if@71: NOP
PUSH 8
PUSH lbl_printIln@System
CALL
LOAD 0
LOAD -1
EQ
BF lbl_fin_if@76
PUSH 9
PUSH lbl_printIln@System
CALL
lbl_fin_if@76: NOP
LOAD 0
PUSH 1
ADD
LOAD -1
PUSH 1
ADD
EQ
BF lbl_else@80
PUSH 10
PUSH lbl_printIln@System
CALL
JUMP lbl_fin_if@80
lbl_else@80: NOP
PUSH 11
PUSH lbl_printIln@System
CALL
lbl_fin_if@80: NOP
lbl_end_main@TestIf: NOP
FMEM 2; liberar espacio de variables locales (2)
STOREFP; restaurar FP
RET 0

lbl_builder@TestIf: 
LOADFP; apilar valor de FP
LOADSP; apilar valor de SP
STOREFP; almacenar FP en el tope de la pila
STOREFP; restaurar FP
RET 1



.DATA
VT@Object: NOP
.CODE
lbl_debugPrint@Object: 
LOADFP; apilar valor de FP
LOADSP; apilar valor de SP
STOREFP; almacenar FP en el tope de la pila
LOAD 3
IPRINT
lbl_end_debugPrint@Object: NOP
STOREFP; restaurar FP
RET 1

lbl_builder@Object: 
LOADFP; apilar valor de FP
LOADSP; apilar valor de SP
STOREFP; almacenar FP en el tope de la pila
STOREFP; restaurar FP
RET 1



.DATA
VT@Boolean: DW lbl_booleanValue@Boolean
.CODE
lbl_booleanValue@Boolean: 
LOADFP; apilar valor de FP
LOADSP; apilar valor de SP
STOREFP; almacenar FP en el tope de la pila
LOAD 3
LOADREF 1
STORE 4; guardar valor de retorno
STOREFP; restaurar FP
RET 1
lbl_end_booleanValue@Boolean: NOP
STOREFP; restaurar FP
RET 1

lbl_builder@Boolean: 
LOADFP; apilar valor de FP
LOADSP; apilar valor de SP
STOREFP; almacenar FP en el tope de la pila
LOAD 4
LOAD 3
SWAP
STOREREF 1
STOREFP; restaurar FP
RET 2



