.DATA
VT@Init: DW lbl_debugPrint@Init
DW lbl_main@Init

.CODE
lbl_builder@Init: NOP

lbl_debugPrint@Init: NOP

lbl_main@Init: NOP



.DATA
VT@String: DW lbl_debugPrint@String

.CODE
lbl_builder@String: NOP

lbl_debugPrint@String: NOP



.DATA
VT@Object: DW lbl_debugPrint@Object

.CODE
lbl_debugPrint@Object: LOAD 3
IPRINT
PRNLN
.DATA
VT@Character: DW lbl_debugPrint@Character
DW lbl_charValue@Character

.CODE
lbl_builder@Character: NOP

lbl_debugPrint@Character: NOP

lbl_charValue@Character: NOP



.DATA
VT@Integer: DW lbl_debugPrint@Integer
DW lbl_intValue@Integer

.CODE
lbl_builder@Integer: NOP

lbl_debugPrint@Integer: NOP

lbl_intValue@Integer: NOP



.DATA
VT@Boolean: DW lbl_debugPrint@Boolean
DW lbl_booleanValue@Boolean

.CODE
lbl_builder@Boolean: NOP

lbl_debugPrint@Boolean: NOP

lbl_booleanValue@Boolean: NOP



.DATA
VT@System: DW lbl_debugPrint@System
DW lbl_read@System
DW lbl_printB@System
DW lbl_printC@System
DW lbl_printI@System
DW lbl_printS@System
DW lbl_println@System
DW lbl_printBln@System
DW lbl_printCln@System
DW lbl_printIln@System
DW lbl_printSln@System

.CODE
lbl_builder@System: NOP

lbl_debugPrint@System: NOP

lbl_read@System: NOP

lbl_printB@System: NOP

lbl_printC@System: NOP

lbl_printI@System: NOP

lbl_printS@System: NOP

lbl_println@System: NOP

lbl_printBln@System: NOP

lbl_printCln@System: NOP

lbl_printIln@System: NOP

lbl_printSln@System: NOP



