.CODE
PUSH lbl_main@Init
CALL
HALT


simple_heap_init:
RET 0

simple_malloc:
LOADFP
LOADSP
STOREFP
LOADHL
DUP
PUSH 1
ADD
STORE 4
LOAD 3
ADD
STOREHL
STOREFP
RET 1


.DATA
VT@Object: NOP
.CODE
lbl_debugPrint@Object: 
LOADFP
LOADSP
STOREFP
LOAD 3
IPRINT
STOREFP
RET 1


.DATA
VT@Character: DW lbl_charValue@Character
.CODE
lbl_charValue@Character: 
DUP
IPRINT
PRNLN
LOADFP
LOADSP
STOREFP
FMEM 0
STOREFP
RET 0

lbl_builder@Character: 
DUP
IPRINT
PRNLN
LOADFP
LOADSP
STOREFP
STOREFP
RET 1



.DATA
VT@A: DW lbl_setall@A
DW lbl_m1@A
.CODE
lbl_setall@A: 
DUP
IPRINT
PRNLN
LOADFP
LOADSP
STOREFP
LOAD 4
LOAD 3
SWAP
STOREREF 1
LOAD 3
LOADREF 1
PUSH 2
MUL
LOAD 3
SWAP
STOREREF 2
LOAD 3
SWAP
STOREREF 3
FMEM 0
STOREFP
RET 1

lbl_m1@A: 
DUP
IPRINT
PRNLN
LOADFP
LOADSP
STOREFP
LOAD 3
LOADREF 1
PUSH lbl_debugPrint@Object
CALL
LOAD 3
LOADREF 2
PUSH lbl_debugPrint@Object
CALL
LOAD 3
LOADREF 3
PUSH lbl_printSln@System
CALL
FMEM 0
STOREFP
RET 0

lbl_builder@A: 
DUP
IPRINT
PRNLN
LOADFP
LOADSP
STOREFP
STOREFP
RET 0



.DATA
VT@Integer: DW lbl_intValue@Integer
.CODE
lbl_intValue@Integer: 
DUP
IPRINT
PRNLN
LOADFP
LOADSP
STOREFP
FMEM 0
STOREFP
RET 0

lbl_builder@Integer: 
DUP
IPRINT
PRNLN
LOADFP
LOADSP
STOREFP
STOREFP
RET 1



.DATA
VT@Boolean: DW lbl_booleanValue@Boolean
.CODE
lbl_booleanValue@Boolean: 
DUP
IPRINT
PRNLN
LOADFP
LOADSP
STOREFP
FMEM 0
STOREFP
RET 0

lbl_builder@Boolean: 
DUP
IPRINT
PRNLN
LOADFP
LOADSP
STOREFP
STOREFP
RET 1



.DATA
VT@Init: NOP
.CODE
lbl_main@Init: 
DUP
IPRINT
PRNLN
LOADFP
LOADSP
STOREFP
RMEM 1
RMEM 1
PUSH 6
PUSH simple_malloc
CALL
DUP
PUSH VT@B
STOREREF 0
DUP
LOADSP
SWAP
STOREREF 3
PUSH lbl_builder@B
CALL
FMEM 1
STORE 0
LOAD 0
PUSH VT@B
DUP
IPRINT
PRNLN
LOADREF 0
DUP
IPRINT
PRNLN
CALL
DUP
IPRINT
PRNLN
LOAD 0
PUSH 1234
PUSH VT@B
DUP
IPRINT
PRNLN
LOADREF 0
DUP
IPRINT
PRNLN
CALL
DUP
IPRINT
PRNLN
LOAD 0
PUSH VT@B
DUP
IPRINT
PRNLN
LOADREF 1
DUP
IPRINT
PRNLN
CALL
DUP
IPRINT
PRNLN
LOAD 0
PUSH VT@B
DUP
IPRINT
PRNLN
LOADREF 1
DUP
IPRINT
PRNLN
CALL
DUP
IPRINT
PRNLN
FMEM 1
STOREFP
RET 0

lbl_builder@Init: 
DUP
IPRINT
PRNLN
LOADFP
LOADSP
STOREFP
STOREFP
RET 0



.DATA
VT@System: NOP
.CODE
lbl_read@System: 
DUP
IPRINT
PRNLN
LOADFP
LOADSP
STOREFP
READ
PUSH 48
SUB
STORE 3
STOREFP
RET 0

lbl_printB@System: 
DUP
IPRINT
PRNLN
LOADFP
LOADSP
STOREFP
LOAD 3
BPRINT
STOREFP
RET 1

lbl_printC@System: 
DUP
IPRINT
PRNLN
LOADFP
LOADSP
STOREFP
LOAD 3
CPRINT
STOREFP
RET 1

lbl_printI@System: 
DUP
IPRINT
PRNLN
LOADFP
LOADSP
STOREFP
LOAD 3
IPRINT
STOREFP
RET 1

lbl_printS@System: 
DUP
IPRINT
PRNLN
LOADFP
LOADSP
STOREFP
LOAD 3
SPRINT
STOREFP
RET 1

lbl_println@System: 
DUP
IPRINT
PRNLN
LOADFP
LOADSP
STOREFP
PRNLN
STOREFP
RET 0

lbl_printBln@System: 
DUP
IPRINT
PRNLN
LOADFP
LOADSP
STOREFP
LOAD 3
BPRINT
PRNLN
STOREFP
RET 1

lbl_printCln@System: 
DUP
IPRINT
PRNLN
LOADFP
LOADSP
STOREFP
LOAD 3
CPRINT
PRNLN
STOREFP
RET 1

lbl_printIln@System: 
DUP
IPRINT
PRNLN
LOADFP
LOADSP
STOREFP
LOAD 3
IPRINT
PRNLN
STOREFP
RET 1

lbl_printSln@System: 
DUP
IPRINT
PRNLN
LOADFP
LOADSP
STOREFP
LOAD 3
SPRINT
PRNLN
STOREFP
RET 1

lbl_builder@System: 
DUP
IPRINT
PRNLN
LOADFP
LOADSP
STOREFP
STOREFP
RET 0



.DATA
VT@String: NOP
.CODE
lbl_builder@String: 
DUP
IPRINT
PRNLN
LOADFP
LOADSP
STOREFP
STOREFP
RET 0



.DATA
VT@B: DW lbl_seta4@B
DW lbl_m2@B
DW lbl_setall@A
DW lbl_m1@A
.CODE
lbl_seta4@B: 
DUP
IPRINT
PRNLN
LOADFP
LOADSP
STOREFP
PUSH 4000
LOAD 3
SWAP
STOREREF 4
PUSH 55
LOAD 3
SWAP
STOREREF 5
FMEM 0
STOREFP
RET 0

lbl_m2@B: 
DUP
IPRINT
PRNLN
LOADFP
LOADSP
STOREFP
LOAD 3
LOADREF 4
PUSH lbl_debugPrint@Object
CALL
LOAD 3
LOADREF 5
PUSH lbl_debugPrint@Object
CALL
FMEM 0
STOREFP
RET 0

lbl_builder@B: 
DUP
IPRINT
PRNLN
LOADFP
LOADSP
STOREFP
STOREFP
RET 0



