.DATA
VT@Object: NOP
.CODE
lbl_debugPrint@Object: LOAD 3
IPRINT
PRNLN
.DATA
VT@Integer: DW lbl_intValue@Integer
.CODE
lbl_builder@Integer: NOP

lbl_intValue@Integer: NOP



.DATA
VT@Boolean: DW lbl_booleanValue@Boolean
.CODE
lbl_builder@Boolean: NOP

lbl_booleanValue@Boolean: NOP



.DATA
VT@String: NOP
.CODE
lbl_builder@String: NOP



.DATA
VT@Init: NOP
.CODE
lbl_builder@Init: NOP



.DATA
VT@System: NOP
.CODE
lbl_builder@System: NOP



.DATA
VT@Character: DW lbl_charValue@Character
.CODE
lbl_builder@Character: NOP

lbl_charValue@Character: NOP



.DATA
VT@A: DW lbl_mc@A
.CODE
lbl_builder@A: NOP

lbl_mc@A: NOP



