.CODE
PUSH simple_heap_init
CALL
PUSH lbl_main@Init
CALL
HALT


simple_heap_init: RET 0

simple_malloc: LOADFP
LOADSP
STOREFP
LOADHL
DUP
PUSH 1
ADD
STORE 4
LOAD 3
ADD
STOREHL
STOREFP
RET 1


.DATA
VT@Object: NOP
.CODE
lbl_debugPrint@Object: 
LOADFP; apilar valor de FP
LOADSP; apilar valor de SP
STOREFP; almacenar FP en el tope de la pila
LOAD 3
IPRINT
lbl_end_debugPrint@Object: NOP
STOREFP
RET 1

lbl_builder@Object: 
LOADFP; apilar valor de FP
LOADSP; apilar valor de SP
STOREFP; almacenar FP en el tope de la pila
STOREFP
RET 1



.DATA
VT@A: DW lbl_m1@A
DW lbl_m2@A
.CODE
lbl_m1@A: 
LOADFP; apilar valor de FP
LOADSP; apilar valor de SP
STOREFP; almacenar FP en el tope de la pila
LOAD 4
PUSH lbl_debugPrint@Object
CALL
lbl_end_m1@A: NOP
STOREFP
RET 2

lbl_m2@A: 
LOADFP; apilar valor de FP
LOADSP; apilar valor de SP
STOREFP; almacenar FP en el tope de la pila
PUSH 33
STORE 3
JUMP lbl_end_m2@A
STORE 0
lbl_end_m2@A: NOP
STOREFP
RET 1

lbl_builder@A: 
LOADFP; apilar valor de FP
LOADSP; apilar valor de SP
STOREFP; almacenar FP en el tope de la pila
STOREFP
RET 1



.DATA
VT@System: NOP
.CODE
lbl_read@System: 
LOADFP; apilar valor de FP
LOADSP; apilar valor de SP
STOREFP; almacenar FP en el tope de la pila
READ
PUSH 48
SUB
STORE 3
STORE 0
lbl_end_read@System: NOP
STOREFP
RET 0

lbl_printB@System: 
LOADFP; apilar valor de FP
LOADSP; apilar valor de SP
STOREFP; almacenar FP en el tope de la pila
LOAD 3
BPRINT
lbl_end_printB@System: NOP
STOREFP
RET 1

lbl_printC@System: 
LOADFP; apilar valor de FP
LOADSP; apilar valor de SP
STOREFP; almacenar FP en el tope de la pila
LOAD 3
CPRINT
lbl_end_printC@System: NOP
STOREFP
RET 1

lbl_printI@System: 
LOADFP; apilar valor de FP
LOADSP; apilar valor de SP
STOREFP; almacenar FP en el tope de la pila
LOAD 3
IPRINT
lbl_end_printI@System: NOP
STOREFP
RET 1

lbl_printS@System: 
LOADFP; apilar valor de FP
LOADSP; apilar valor de SP
STOREFP; almacenar FP en el tope de la pila
LOAD 3
SPRINT
lbl_end_printS@System: NOP
STOREFP
RET 1

lbl_println@System: 
LOADFP; apilar valor de FP
LOADSP; apilar valor de SP
STOREFP; almacenar FP en el tope de la pila
PRNLN
lbl_end_println@System: NOP
STOREFP
RET 0

lbl_printBln@System: 
LOADFP; apilar valor de FP
LOADSP; apilar valor de SP
STOREFP; almacenar FP en el tope de la pila
LOAD 3
BPRINT
PRNLN
lbl_end_printBln@System: NOP
STOREFP
RET 1

lbl_printCln@System: 
LOADFP; apilar valor de FP
LOADSP; apilar valor de SP
STOREFP; almacenar FP en el tope de la pila
LOAD 3
CPRINT
PRNLN
lbl_end_printCln@System: NOP
STOREFP
RET 1

lbl_printIln@System: 
LOADFP; apilar valor de FP
LOADSP; apilar valor de SP
STOREFP; almacenar FP en el tope de la pila
LOAD 3
IPRINT
PRNLN
lbl_end_printIln@System: NOP
STOREFP
RET 1

lbl_printSln@System: 
LOADFP; apilar valor de FP
LOADSP; apilar valor de SP
STOREFP; almacenar FP en el tope de la pila
LOAD 3
SPRINT
PRNLN
lbl_end_printSln@System: NOP
STOREFP
RET 1

lbl_builder@System: 
LOADFP; apilar valor de FP
LOADSP; apilar valor de SP
STOREFP; almacenar FP en el tope de la pila
STOREFP
RET 1



.DATA
VT@Integer: DW lbl_intValue@Integer
.CODE
lbl_intValue@Integer: 
LOADFP; apilar valor de FP
LOADSP; apilar valor de SP
STOREFP; almacenar FP en el tope de la pila
LOAD 3
LOADREF 1
STORE 3
JUMP lbl_end_intValue@Integer
STORE 0
lbl_end_intValue@Integer: NOP
STOREFP
RET 1

lbl_builder@Integer: 
LOADFP; apilar valor de FP
LOADSP; apilar valor de SP
STOREFP; almacenar FP en el tope de la pila
STOREFP
RET 2



.DATA
VT@Boolean: DW lbl_booleanValue@Boolean
.CODE
lbl_booleanValue@Boolean: 
LOADFP; apilar valor de FP
LOADSP; apilar valor de SP
STOREFP; almacenar FP en el tope de la pila
LOAD 3
LOADREF 1
STORE 3
JUMP lbl_end_booleanValue@Boolean
STORE 0
lbl_end_booleanValue@Boolean: NOP
STOREFP
RET 1

lbl_builder@Boolean: 
LOADFP; apilar valor de FP
LOADSP; apilar valor de SP
STOREFP; almacenar FP en el tope de la pila
STOREFP
RET 2



.DATA
VT@Character: DW lbl_charValue@Character
.CODE
lbl_charValue@Character: 
LOADFP; apilar valor de FP
LOADSP; apilar valor de SP
STOREFP; almacenar FP en el tope de la pila
LOAD 3
LOADREF 1
STORE 3
JUMP lbl_end_charValue@Character
STORE 0
lbl_end_charValue@Character: NOP
STOREFP
RET 1

lbl_builder@Character: 
LOADFP; apilar valor de FP
LOADSP; apilar valor de SP
STOREFP; almacenar FP en el tope de la pila
STOREFP
RET 2



.DATA
VT@String: NOP
.CODE
lbl_builder@String: 
LOADFP; apilar valor de FP
LOADSP; apilar valor de SP
STOREFP; almacenar FP en el tope de la pila
STOREFP
RET 1



.DATA
VT@Init: NOP
.CODE
lbl_main@Init: 
LOADFP; apilar valor de FP
LOADSP; apilar valor de SP
STOREFP; almacenar FP en el tope de la pila
RMEM 1
RMEM 1
PUSH 1
PUSH simple_malloc
CALL
DUP
PUSH VT@A
STOREREF 0
DUP
PUSH lbl_builder@A
CALL
STORE 0
LOAD 0
RMEM 1; reservar lugar para el retorno
SWAP
DUP
LOADREF 0
LOADREF 1
CALL
LOAD 0
RMEM 1; reservar lugar para el retorno
SWAP
DUP
LOADREF 0
LOADREF 1
CALL
PUSH lbl_debugPrint@Object
CALL
lbl_end_main@Init: NOP
FMEM 1
STOREFP
RET 0

lbl_builder@Init: 
LOADFP; apilar valor de FP
LOADSP; apilar valor de SP
STOREFP; almacenar FP en el tope de la pila
STOREFP
RET 1



