.CODE
PUSH simple_heap_init
CALL
PUSH lbl_main@Init
CALL
HALT


simple_heap_init: RET 0

simple_malloc: LOADFP
LOADSP
STOREFP
LOADHL
DUP
PUSH 1
ADD
STORE 4
LOAD 3
ADD
STOREHL
STOREFP
RET 1


.DATA
VT@String: NOP
.CODE
lbl_builder@String: 
LOADFP; apilar valor de FP
LOADSP; apilar valor de SP
STOREFP; almacenar FP en el tope de la pila
STOREFP
RET 1



.DATA
VT@Init: NOP
.CODE
lbl_main@Init: 
LOADFP; apilar valor de FP
LOADSP; apilar valor de SP
STOREFP; almacenar FP en el tope de la pila
RMEM 1
RMEM 1
PUSH 6
PUSH simple_malloc
CALL
DUP
PUSH VT@B
STOREREF 0
DUP
PUSH lbl_builder@B
CALL
STORE 0
LOAD 0
DUP
LOADREF 0
LOADREF 0
CALL
LOAD 0
PUSH 1234
SWAP
DUP
LOADREF 0
LOADREF 2
CALL
LOAD 0
DUP
LOADREF 0
LOADREF 3
CALL
LOAD 0
DUP
LOADREF 0
LOADREF 1
CALL
lbl_end_main@Init: NOP
FMEM 1
STOREFP
RET 0

lbl_builder@Init: 
LOADFP; apilar valor de FP
LOADSP; apilar valor de SP
STOREFP; almacenar FP en el tope de la pila
STOREFP
RET 1



.DATA
VT@A: DW lbl_setall@A
DW lbl_m1@A
.CODE
lbl_setall@A: 
LOADFP; apilar valor de FP
LOADSP; apilar valor de SP
STOREFP; almacenar FP en el tope de la pila
PUSH 1
BF lbl_else@11
LOAD 4
LOAD 3
SWAP
STOREREF 1
JUMP lbl_fin_if@11
lbl_else@11: NOP
PUSH 0
LOAD 3
SWAP
STOREREF 1
lbl_fin_if@11: NOP
LOAD 3
LOADREF 1
PUSH 2
MUL
LOAD 3
SWAP
STOREREF 2
LOAD 3
SWAP
STOREREF 3
lbl_end_setall@A: NOP
STOREFP
RET 2

lbl_m1@A: 
LOADFP; apilar valor de FP
LOADSP; apilar valor de SP
STOREFP; almacenar FP en el tope de la pila
LOAD 3
LOADREF 1
PUSH lbl_debugPrint@Object
CALL
LOAD 3
LOADREF 2
PUSH lbl_debugPrint@Object
CALL
LOAD 3
LOADREF 3
PUSH lbl_printSln@System
CALL
lbl_end_m1@A: NOP
STOREFP
RET 1

lbl_builder@A: 
LOADFP; apilar valor de FP
LOADSP; apilar valor de SP
STOREFP; almacenar FP en el tope de la pila
STOREFP
RET 1



.DATA
VT@B: DW lbl_seta4@B
DW lbl_m2@B
DW lbl_setall@A
DW lbl_m1@A
.CODE
lbl_seta4@B: 
LOADFP; apilar valor de FP
LOADSP; apilar valor de SP
STOREFP; almacenar FP en el tope de la pila
PUSH 1
BF lbl_else@34
PUSH 4000
LOAD 3
SWAP
STOREREF 4
JUMP lbl_fin_if@34
lbl_else@34: NOP
PUSH 0
LOAD 3
SWAP
STOREREF 4
lbl_fin_if@34: NOP
PUSH 55
LOAD 3
SWAP
STOREREF 5
lbl_end_seta4@B: NOP
STOREFP
RET 1

lbl_m2@B: 
LOADFP; apilar valor de FP
LOADSP; apilar valor de SP
STOREFP; almacenar FP en el tope de la pila
LOAD 3
LOADREF 4
PUSH lbl_debugPrint@Object
CALL
LOAD 3
LOADREF 5
PUSH lbl_debugPrint@Object
CALL
lbl_end_m2@B: NOP
STOREFP
RET 1

lbl_builder@B: 
LOADFP; apilar valor de FP
LOADSP; apilar valor de SP
STOREFP; almacenar FP en el tope de la pila
STOREFP
RET 1



.DATA
VT@Character: DW lbl_charValue@Character
.CODE
lbl_charValue@Character: 
LOADFP; apilar valor de FP
LOADSP; apilar valor de SP
STOREFP; almacenar FP en el tope de la pila
LOAD 3
LOADREF 1
STORE 3
JUMP lbl_end_charValue@Character
STORE 0
lbl_end_charValue@Character: NOP
STOREFP
RET 1

lbl_builder@Character: 
LOADFP; apilar valor de FP
LOADSP; apilar valor de SP
STOREFP; almacenar FP en el tope de la pila
STOREFP
RET 2



.DATA
VT@Integer: DW lbl_intValue@Integer
.CODE
lbl_intValue@Integer: 
LOADFP; apilar valor de FP
LOADSP; apilar valor de SP
STOREFP; almacenar FP en el tope de la pila
LOAD 3
LOADREF 1
STORE 3
JUMP lbl_end_intValue@Integer
STORE 0
lbl_end_intValue@Integer: NOP
STOREFP
RET 1

lbl_builder@Integer: 
LOADFP; apilar valor de FP
LOADSP; apilar valor de SP
STOREFP; almacenar FP en el tope de la pila
STOREFP
RET 2



.DATA
VT@Object: NOP
.CODE
lbl_debugPrint@Object: 
LOADFP; apilar valor de FP
LOADSP; apilar valor de SP
STOREFP; almacenar FP en el tope de la pila
LOAD 3
IPRINT
lbl_end_debugPrint@Object: NOP
STOREFP
RET 1

lbl_builder@Object: 
LOADFP; apilar valor de FP
LOADSP; apilar valor de SP
STOREFP; almacenar FP en el tope de la pila
STOREFP
RET 1



.DATA
VT@System: NOP
.CODE
lbl_read@System: 
LOADFP; apilar valor de FP
LOADSP; apilar valor de SP
STOREFP; almacenar FP en el tope de la pila
READ
PUSH 48
SUB
STORE 3
STORE 0
lbl_end_read@System: NOP
STOREFP
RET 0

lbl_printB@System: 
LOADFP; apilar valor de FP
LOADSP; apilar valor de SP
STOREFP; almacenar FP en el tope de la pila
LOAD 3
BPRINT
lbl_end_printB@System: NOP
STOREFP
RET 1

lbl_printC@System: 
LOADFP; apilar valor de FP
LOADSP; apilar valor de SP
STOREFP; almacenar FP en el tope de la pila
LOAD 3
CPRINT
lbl_end_printC@System: NOP
STOREFP
RET 1

lbl_printI@System: 
LOADFP; apilar valor de FP
LOADSP; apilar valor de SP
STOREFP; almacenar FP en el tope de la pila
LOAD 3
IPRINT
lbl_end_printI@System: NOP
STOREFP
RET 1

lbl_printS@System: 
LOADFP; apilar valor de FP
LOADSP; apilar valor de SP
STOREFP; almacenar FP en el tope de la pila
LOAD 3
SPRINT
lbl_end_printS@System: NOP
STOREFP
RET 1

lbl_println@System: 
LOADFP; apilar valor de FP
LOADSP; apilar valor de SP
STOREFP; almacenar FP en el tope de la pila
PRNLN
lbl_end_println@System: NOP
STOREFP
RET 0

lbl_printBln@System: 
LOADFP; apilar valor de FP
LOADSP; apilar valor de SP
STOREFP; almacenar FP en el tope de la pila
LOAD 3
BPRINT
PRNLN
lbl_end_printBln@System: NOP
STOREFP
RET 1

lbl_printCln@System: 
LOADFP; apilar valor de FP
LOADSP; apilar valor de SP
STOREFP; almacenar FP en el tope de la pila
LOAD 3
CPRINT
PRNLN
lbl_end_printCln@System: NOP
STOREFP
RET 1

lbl_printIln@System: 
LOADFP; apilar valor de FP
LOADSP; apilar valor de SP
STOREFP; almacenar FP en el tope de la pila
LOAD 3
IPRINT
PRNLN
lbl_end_printIln@System: NOP
STOREFP
RET 1

lbl_printSln@System: 
LOADFP; apilar valor de FP
LOADSP; apilar valor de SP
STOREFP; almacenar FP en el tope de la pila
LOAD 3
SPRINT
PRNLN
lbl_end_printSln@System: NOP
STOREFP
RET 1

lbl_builder@System: 
LOADFP; apilar valor de FP
LOADSP; apilar valor de SP
STOREFP; almacenar FP en el tope de la pila
STOREFP
RET 1



.DATA
VT@Boolean: DW lbl_booleanValue@Boolean
.CODE
lbl_booleanValue@Boolean: 
LOADFP; apilar valor de FP
LOADSP; apilar valor de SP
STOREFP; almacenar FP en el tope de la pila
LOAD 3
LOADREF 1
STORE 3
JUMP lbl_end_booleanValue@Boolean
STORE 0
lbl_end_booleanValue@Boolean: NOP
STOREFP
RET 1

lbl_builder@Boolean: 
LOADFP; apilar valor de FP
LOADSP; apilar valor de SP
STOREFP; almacenar FP en el tope de la pila
STOREFP
RET 2



