.CODE
PUSH lbl_main@Init
CALL
HALT


simple_heap_init:
RET 0

simple_malloc:
LOADFP
LOADSP
STOREFP
LOADHL
DUP
PUSH 1
ADD
STORE 4
LOAD 3
ADD
STOREHL
STOREFP
RET 1


.DATA
VT@System: NOP
.CODE
lbl_read@System: 
DUP
IPRINT
PRNLN
LOADFP
LOADSP
STOREFP
READ
PUSH 48
SUB
STORE 3
STOREFP
RET 0

lbl_printB@System: 
DUP
IPRINT
PRNLN
LOADFP
LOADSP
STOREFP
LOAD 3
BPRINT
STOREFP
RET 1

lbl_printC@System: 
DUP
IPRINT
PRNLN
LOADFP
LOADSP
STOREFP
LOAD 3
CPRINT
STOREFP
RET 1

lbl_printI@System: 
DUP
IPRINT
PRNLN
LOADFP
LOADSP
STOREFP
LOAD 3
IPRINT
STOREFP
RET 1

lbl_printS@System: 
DUP
IPRINT
PRNLN
LOADFP
LOADSP
STOREFP
LOAD 3
SPRINT
STOREFP
RET 1

lbl_println@System: 
DUP
IPRINT
PRNLN
LOADFP
LOADSP
STOREFP
PRNLN
STOREFP
RET 0

lbl_printBln@System: 
DUP
IPRINT
PRNLN
LOADFP
LOADSP
STOREFP
LOAD 3
BPRINT
PRNLN
STOREFP
RET 1

lbl_printCln@System: 
DUP
IPRINT
PRNLN
LOADFP
LOADSP
STOREFP
LOAD 3
CPRINT
PRNLN
STOREFP
RET 1

lbl_printIln@System: 
DUP
IPRINT
PRNLN
LOADFP
LOADSP
STOREFP
LOAD 3
IPRINT
PRNLN
STOREFP
RET 1

lbl_printSln@System: 
DUP
IPRINT
PRNLN
LOADFP
LOADSP
STOREFP
LOAD 3
SPRINT
PRNLN
STOREFP
RET 1

lbl_builder@System: 
DUP
IPRINT
PRNLN
LOADFP
LOADSP
STOREFP
STOREFP
RET 0



.DATA
VT@Integer: DW lbl_intValue@Integer
.CODE
lbl_intValue@Integer: 
DUP
IPRINT
PRNLN
LOADFP
LOADSP
STOREFP
FMEM 0
STOREFP
RET 0

lbl_builder@Integer: 
DUP
IPRINT
PRNLN
LOADFP
LOADSP
STOREFP
STOREFP
RET 1



.DATA
VT@String: NOP
.CODE
lbl_builder@String: 
DUP
IPRINT
PRNLN
LOADFP
LOADSP
STOREFP
STOREFP
RET 0



.DATA
VT@Object: NOP
.CODE
lbl_debugPrint@Object: 
LOADFP
LOADSP
STOREFP
LOAD 3
IPRINT
STOREFP
RET 1


.DATA
VT@Init: NOP
.CODE
lbl_main@Init: 
DUP
IPRINT
PRNLN
LOADFP
LOADSP
STOREFP
PUSH 1
PUSH 1
PUSH 'a'
PUSH lbl_m1@Init
CALL
FMEM 0
STOREFP
RET 0

lbl_m1@Init: 
DUP
IPRINT
PRNLN
LOADFP
LOADSP
STOREFP
PUSH 5
STORE 4
LOAD 4
PUSH lbl_printIln@System
CALL
LOAD 5
PUSH lbl_printBln@System
CALL
LOAD 6
PUSH lbl_printCln@System
CALL
FMEM 0
STOREFP
RET 3

lbl_builder@Init: 
DUP
IPRINT
PRNLN
LOADFP
LOADSP
STOREFP
STOREFP
RET 0



.DATA
VT@Character: DW lbl_charValue@Character
.CODE
lbl_charValue@Character: 
DUP
IPRINT
PRNLN
LOADFP
LOADSP
STOREFP
FMEM 0
STOREFP
RET 0

lbl_builder@Character: 
DUP
IPRINT
PRNLN
LOADFP
LOADSP
STOREFP
STOREFP
RET 1



.DATA
VT@Boolean: DW lbl_booleanValue@Boolean
.CODE
lbl_booleanValue@Boolean: 
DUP
IPRINT
PRNLN
LOADFP
LOADSP
STOREFP
FMEM 0
STOREFP
RET 0

lbl_builder@Boolean: 
DUP
IPRINT
PRNLN
LOADFP
LOADSP
STOREFP
STOREFP
RET 1



