.CODE
PUSH lbl_main@TestReturn
CALL
HALT


simple_heap_init:
RET 0

simple_malloc:
LOADFP
LOADSP
STOREFP
LOADHL
DUP
PUSH 1
ADD
STORE 4
LOAD 3
ADD
STOREHL
STOREFP
RET 1


.DATA
VT@Boolean: DW lbl_booleanValue@Boolean
.CODE
lbl_booleanValue@Boolean: 
LOADFP
LOADSP
STOREFP
LOAD 3
LOADREF 1
STORE 3
JUMP lbl_end_booleanValue@Boolean
FMEM 0
lbl_end_booleanValue@Boolean: NOP
STOREFP
RET 0

lbl_builder@Boolean: 
LOADFP
LOADSP
STOREFP
STOREFP
RET 1



.DATA
VT@System: NOP
.CODE
lbl_read@System: 
LOADFP
LOADSP
STOREFP
READ
PUSH 48
SUB
STORE 3
lbl_end_read@System: NOP
STOREFP
RET 0

lbl_printB@System: 
LOADFP
LOADSP
STOREFP
LOAD 3
BPRINT
lbl_end_printB@System: NOP
STOREFP
RET 1

lbl_printC@System: 
LOADFP
LOADSP
STOREFP
LOAD 3
CPRINT
lbl_end_printC@System: NOP
STOREFP
RET 1

lbl_printI@System: 
LOADFP
LOADSP
STOREFP
LOAD 3
IPRINT
lbl_end_printI@System: NOP
STOREFP
RET 1

lbl_printS@System: 
LOADFP
LOADSP
STOREFP
LOAD 3
SPRINT
lbl_end_printS@System: NOP
STOREFP
RET 1

lbl_println@System: 
LOADFP
LOADSP
STOREFP
PRNLN
lbl_end_println@System: NOP
STOREFP
RET 0

lbl_printBln@System: 
LOADFP
LOADSP
STOREFP
LOAD 3
BPRINT
PRNLN
lbl_end_printBln@System: NOP
STOREFP
RET 1

lbl_printCln@System: 
LOADFP
LOADSP
STOREFP
LOAD 3
CPRINT
PRNLN
lbl_end_printCln@System: NOP
STOREFP
RET 1

lbl_printIln@System: 
LOADFP
LOADSP
STOREFP
LOAD 3
IPRINT
PRNLN
lbl_end_printIln@System: NOP
STOREFP
RET 1

lbl_printSln@System: 
LOADFP
LOADSP
STOREFP
LOAD 3
SPRINT
PRNLN
lbl_end_printSln@System: NOP
STOREFP
RET 1

lbl_builder@System: 
LOADFP
LOADSP
STOREFP
STOREFP
RET 0



.DATA
VT@Integer: DW lbl_intValue@Integer
.CODE
lbl_intValue@Integer: 
LOADFP
LOADSP
STOREFP
LOAD 3
LOADREF 1
STORE 3
JUMP lbl_end_intValue@Integer
FMEM 0
lbl_end_intValue@Integer: NOP
STOREFP
RET 0

lbl_builder@Integer: 
LOADFP
LOADSP
STOREFP
STOREFP
RET 1



.DATA
VT@String: NOP
.CODE
lbl_builder@String: 
LOADFP
LOADSP
STOREFP
STOREFP
RET 0



.DATA
VT@Object: NOP
.CODE
lbl_debugPrint@Object: 
LOADFP
LOADSP
STOREFP
LOAD 3
IPRINT
STOREFP
RET 1


.DATA
VT@Character: DW lbl_charValue@Character
.CODE
lbl_charValue@Character: 
LOADFP
LOADSP
STOREFP
LOAD 3
LOADREF 1
STORE 3
JUMP lbl_end_charValue@Character
FMEM 0
lbl_end_charValue@Character: NOP
STOREFP
RET 0

lbl_builder@Character: 
LOADFP
LOADSP
STOREFP
STOREFP
RET 1



.DATA
VT@TestReturn: NOP
.CODE
lbl_f@TestReturn: 
LOADFP
LOADSP
STOREFP
JUMP lbl_end_f@TestReturn
FMEM 0
lbl_end_f@TestReturn: NOP
STOREFP
RET 0

lbl_main@TestReturn: 
LOADFP
LOADSP
STOREFP
PUSH lbl_f@TestReturn
CALL
FMEM 0
lbl_end_main@TestReturn: NOP
STOREFP
RET 0

lbl_builder@TestReturn: 
LOADFP
LOADSP
STOREFP
STOREFP
RET 0



